---
source: crates/keron-lang/tests/harness/mod.rs
---
Program {
    items: [
        Val(
            ValDecl {
                name: Spanned {
                    node: "use_zsh",
                    span: 5..12,
                },
                ty: Some(
                    Spanned {
                        node: Boolean,
                        span: 14..21,
                    },
                ),
                value: Spanned {
                    node: Literal(
                        Boolean(
                            true,
                        ),
                    ),
                    span: 24..28,
                },
                span: 1..29,
            },
        ),
        Val(
            ValDecl {
                name: Spanned {
                    node: "zshrc",
                    span: 33..38,
                },
                ty: Some(
                    Spanned {
                        node: Symlink,
                        span: 40..47,
                    },
                ),
                value: Spanned {
                    node: Call {
                        callee: Spanned {
                            node: "symlink",
                            span: 50..57,
                        },
                        args: [
                            CallArg {
                                name: Some(
                                    Spanned {
                                        node: "from",
                                        span: 58..62,
                                    },
                                ),
                                value: Spanned {
                                    node: Literal(
                                        String(
                                            "~/df/zshrc",
                                        ),
                                    ),
                                    span: 65..77,
                                },
                                span: 58..77,
                            },
                            CallArg {
                                name: Some(
                                    Spanned {
                                        node: "to",
                                        span: 79..81,
                                    },
                                ),
                                value: Spanned {
                                    node: Literal(
                                        String(
                                            "~/.zshrc",
                                        ),
                                    ),
                                    span: 84..94,
                                },
                                span: 79..94,
                            },
                        ],
                    },
                    span: 50..96,
                },
                span: 29..96,
            },
        ),
        Val(
            ValDecl {
                name: Spanned {
                    node: "bashrc",
                    span: 100..106,
                },
                ty: Some(
                    Spanned {
                        node: Symlink,
                        span: 108..115,
                    },
                ),
                value: Spanned {
                    node: Call {
                        callee: Spanned {
                            node: "symlink",
                            span: 118..125,
                        },
                        args: [
                            CallArg {
                                name: Some(
                                    Spanned {
                                        node: "from",
                                        span: 126..130,
                                    },
                                ),
                                value: Spanned {
                                    node: Literal(
                                        String(
                                            "~/df/bashrc",
                                        ),
                                    ),
                                    span: 133..146,
                                },
                                span: 126..146,
                            },
                            CallArg {
                                name: Some(
                                    Spanned {
                                        node: "to",
                                        span: 148..150,
                                    },
                                ),
                                value: Spanned {
                                    node: Literal(
                                        String(
                                            "~/.bashrc",
                                        ),
                                    ),
                                    span: 153..164,
                                },
                                span: 148..164,
                            },
                        ],
                    },
                    span: 118..167,
                },
                span: 96..167,
            },
        ),
        ExprStmt(
            Spanned {
                node: If {
                    cond: Spanned {
                        node: Var(
                            "use_zsh",
                        ),
                        span: 170..177,
                    },
                    then_branch: Block {
                        stmts: [
                            Reconcile(
                                ReconcileDecl {
                                    chains: [
                                        [
                                            Spanned {
                                                node: Var(
                                                    "zshrc",
                                                ),
                                                span: 190..195,
                                            },
                                        ],
                                    ],
                                    span: 180..196,
                                },
                            ),
                        ],
                        trailing: None,
                        span: 178..198,
                    },
                    else_branch: Block {
                        stmts: [],
                        trailing: None,
                        span: 198..198,
                    },
                },
                span: 167..198,
            },
        ),
        ExprStmt(
            Spanned {
                node: If {
                    cond: Spanned {
                        node: Var(
                            "use_zsh",
                        ),
                        span: 201..208,
                    },
                    then_branch: Block {
                        stmts: [
                            Reconcile(
                                ReconcileDecl {
                                    chains: [
                                        [
                                            Spanned {
                                                node: Var(
                                                    "zshrc",
                                                ),
                                                span: 221..226,
                                            },
                                        ],
                                    ],
                                    span: 211..227,
                                },
                            ),
                        ],
                        trailing: None,
                        span: 209..229,
                    },
                    else_branch: Block {
                        stmts: [
                            Reconcile(
                                ReconcileDecl {
                                    chains: [
                                        [
                                            Spanned {
                                                node: Var(
                                                    "bashrc",
                                                ),
                                                span: 246..252,
                                            },
                                        ],
                                    ],
                                    span: 236..253,
                                },
                            ),
                        ],
                        trailing: None,
                        span: 234..255,
                    },
                },
                span: 198..255,
            },
        ),
    ],
}
