---
source: crates/keron-lang/tests/harness/mod.rs
---
Program {
    items: [
        Fn(
            FnDecl {
                name: Spanned {
                    node: "link",
                    span: 224..228,
                },
                params: [
                    Param {
                        name: Spanned {
                            node: "name",
                            span: 229..233,
                        },
                        ty: Spanned {
                            node: String,
                            span: 235..241,
                        },
                        default: None,
                        span: 229..241,
                    },
                ],
                return_type: Spanned {
                    node: Symlink,
                    span: 244..251,
                },
                body: Block {
                    stmts: [],
                    trailing: Some(
                        Spanned {
                            node: Call {
                                callee: Spanned {
                                    node: "symlink",
                                    span: 256..263,
                                },
                                args: [
                                    CallArg {
                                        name: Some(
                                            Spanned {
                                                node: "from",
                                                span: 264..268,
                                            },
                                        ),
                                        value: Spanned {
                                            node: Interpolation(
                                                [
                                                    Text(
                                                        "~/dotfiles/",
                                                    ),
                                                    Expr(
                                                        Spanned {
                                                            node: Var(
                                                                "name",
                                                            ),
                                                            span: 285..289,
                                                        },
                                                    ),
                                                ],
                                            ),
                                            span: 271..291,
                                        },
                                        span: 264..291,
                                    },
                                    CallArg {
                                        name: Some(
                                            Spanned {
                                                node: "to",
                                                span: 293..295,
                                            },
                                        ),
                                        value: Spanned {
                                            node: Interpolation(
                                                [
                                                    Text(
                                                        "~/.",
                                                    ),
                                                    Expr(
                                                        Spanned {
                                                            node: Var(
                                                                "name",
                                                            ),
                                                            span: 304..308,
                                                        },
                                                    ),
                                                ],
                                            ),
                                            span: 298..310,
                                        },
                                        span: 293..310,
                                    },
                                ],
                            },
                            span: 256..312,
                        },
                    ),
                    span: 252..315,
                },
                span: 221..315,
                intrinsic: None,
            },
        ),
        Val(
            ValDecl {
                name: Spanned {
                    node: "home_dirs",
                    span: 319..328,
                },
                ty: Some(
                    Spanned {
                        node: List(
                            Directory,
                        ),
                        span: 330..346,
                    },
                ),
                value: Spanned {
                    node: List(
                        [
                            Spanned {
                                node: Call {
                                    callee: Spanned {
                                        node: "directory",
                                        span: 352..361,
                                    },
                                    args: [
                                        CallArg {
                                            name: Some(
                                                Spanned {
                                                    node: "path",
                                                    span: 362..366,
                                                },
                                            ),
                                            value: Spanned {
                                                node: Literal(
                                                    String(
                                                        "~/.config",
                                                    ),
                                                ),
                                                span: 369..380,
                                            },
                                            span: 362..380,
                                        },
                                    ],
                                },
                                span: 352..381,
                            },
                            Spanned {
                                node: Call {
                                    callee: Spanned {
                                        node: "directory",
                                        span: 385..394,
                                    },
                                    args: [
                                        CallArg {
                                            name: Some(
                                                Spanned {
                                                    node: "path",
                                                    span: 395..399,
                                                },
                                            ),
                                            value: Spanned {
                                                node: Literal(
                                                    String(
                                                        "~/.local/bin",
                                                    ),
                                                ),
                                                span: 402..416,
                                            },
                                            span: 395..416,
                                        },
                                    ],
                                },
                                span: 385..417,
                            },
                            Spanned {
                                node: Call {
                                    callee: Spanned {
                                        node: "directory",
                                        span: 421..430,
                                    },
                                    args: [
                                        CallArg {
                                            name: Some(
                                                Spanned {
                                                    node: "path",
                                                    span: 431..435,
                                                },
                                            ),
                                            value: Spanned {
                                                node: Literal(
                                                    String(
                                                        "~/.local/share",
                                                    ),
                                                ),
                                                span: 438..454,
                                            },
                                            span: 431..454,
                                        },
                                    ],
                                },
                                span: 421..455,
                            },
                        ],
                    ),
                    span: 348..460,
                },
                span: 315..460,
            },
        ),
        Val(
            ValDecl {
                name: Spanned {
                    node: "shell_links",
                    span: 464..475,
                },
                ty: Some(
                    Spanned {
                        node: List(
                            Symlink,
                        ),
                        span: 477..491,
                    },
                ),
                value: Spanned {
                    node: List(
                        [
                            Spanned {
                                node: Call {
                                    callee: Spanned {
                                        node: "link",
                                        span: 497..501,
                                    },
                                    args: [
                                        CallArg {
                                            name: None,
                                            value: Spanned {
                                                node: Literal(
                                                    String(
                                                        "zshrc",
                                                    ),
                                                ),
                                                span: 502..509,
                                            },
                                            span: 502..509,
                                        },
                                    ],
                                },
                                span: 497..510,
                            },
                            Spanned {
                                node: Call {
                                    callee: Spanned {
                                        node: "link",
                                        span: 514..518,
                                    },
                                    args: [
                                        CallArg {
                                            name: None,
                                            value: Spanned {
                                                node: Literal(
                                                    String(
                                                        "zsh_history",
                                                    ),
                                                ),
                                                span: 519..532,
                                            },
                                            span: 519..532,
                                        },
                                    ],
                                },
                                span: 514..533,
                            },
                            Spanned {
                                node: Call {
                                    callee: Spanned {
                                        node: "link",
                                        span: 537..541,
                                    },
                                    args: [
                                        CallArg {
                                            name: None,
                                            value: Spanned {
                                                node: Literal(
                                                    String(
                                                        "p10k.zsh",
                                                    ),
                                                ),
                                                span: 542..552,
                                            },
                                            span: 542..552,
                                        },
                                    ],
                                },
                                span: 537..553,
                            },
                        ],
                    ),
                    span: 493..558,
                },
                span: 460..558,
            },
        ),
        Val(
            ValDecl {
                name: Spanned {
                    node: "editor_links",
                    span: 562..574,
                },
                ty: Some(
                    Spanned {
                        node: List(
                            Symlink,
                        ),
                        span: 576..590,
                    },
                ),
                value: Spanned {
                    node: List(
                        [
                            Spanned {
                                node: Call {
                                    callee: Spanned {
                                        node: "link",
                                        span: 596..600,
                                    },
                                    args: [
                                        CallArg {
                                            name: None,
                                            value: Spanned {
                                                node: Literal(
                                                    String(
                                                        "vimrc",
                                                    ),
                                                ),
                                                span: 601..608,
                                            },
                                            span: 601..608,
                                        },
                                    ],
                                },
                                span: 596..609,
                            },
                            Spanned {
                                node: Call {
                                    callee: Spanned {
                                        node: "link",
                                        span: 613..617,
                                    },
                                    args: [
                                        CallArg {
                                            name: None,
                                            value: Spanned {
                                                node: Literal(
                                                    String(
                                                        "ideavimrc",
                                                    ),
                                                ),
                                                span: 618..629,
                                            },
                                            span: 618..629,
                                        },
                                    ],
                                },
                                span: 613..630,
                            },
                        ],
                    ),
                    span: 592..635,
                },
                span: 558..635,
            },
        ),
        Val(
            ValDecl {
                name: Spanned {
                    node: "gitconfig",
                    span: 639..648,
                },
                ty: Some(
                    Spanned {
                        node: Template,
                        span: 650..658,
                    },
                ),
                value: Spanned {
                    node: Call {
                        callee: Spanned {
                            node: "template",
                            span: 661..669,
                        },
                        args: [
                            CallArg {
                                name: Some(
                                    Spanned {
                                        node: "path",
                                        span: 673..677,
                                    },
                                ),
                                value: Spanned {
                                    node: Literal(
                                        String(
                                            "~/.gitconfig",
                                        ),
                                    ),
                                    span: 680..694,
                                },
                                span: 673..694,
                            },
                            CallArg {
                                name: Some(
                                    Spanned {
                                        node: "source",
                                        span: 698..704,
                                    },
                                ),
                                value: Spanned {
                                    node: Literal(
                                        String(
                                            "tmpl.tpl",
                                        ),
                                    ),
                                    span: 707..717,
                                },
                                span: 698..717,
                            },
                            CallArg {
                                name: Some(
                                    Spanned {
                                        node: "vars",
                                        span: 721..725,
                                    },
                                ),
                                value: Spanned {
                                    node: Map(
                                        [
                                            MapEntry {
                                                key: Spanned {
                                                    node: Literal(
                                                        String(
                                                            "body",
                                                        ),
                                                    ),
                                                    span: 729..735,
                                                },
                                                value: Spanned {
                                                    node: Literal(
                                                        String(
                                                            "[user]\n  email = me@example.com\n  name = Me",
                                                        ),
                                                    ),
                                                    span: 737..784,
                                                },
                                                span: 729..784,
                                            },
                                        ],
                                    ),
                                    span: 728..785,
                                },
                                span: 721..785,
                            },
                        ],
                    },
                    span: 661..892,
                },
                span: 635..892,
            },
        ),
        Reconcile(
            ReconcileDecl {
                chains: [
                    [
                        Spanned {
                            node: Var(
                                "home_dirs",
                            ),
                            span: 902..911,
                        },
                    ],
                ],
                span: 892..912,
            },
        ),
        Reconcile(
            ReconcileDecl {
                chains: [
                    [
                        Spanned {
                            node: Var(
                                "shell_links",
                            ),
                            span: 922..933,
                        },
                    ],
                ],
                span: 912..934,
            },
        ),
        Reconcile(
            ReconcileDecl {
                chains: [
                    [
                        Spanned {
                            node: Var(
                                "editor_links",
                            ),
                            span: 944..956,
                        },
                    ],
                ],
                span: 934..957,
            },
        ),
        Reconcile(
            ReconcileDecl {
                chains: [
                    [
                        Spanned {
                            node: Var(
                                "gitconfig",
                            ),
                            span: 967..976,
                        },
                    ],
                ],
                span: 957..977,
            },
        ),
    ],
}
