---
source: crates/keron-lang/tests/harness/mod.rs
---
Program {
    items: [
        Use(
            UseDecl {
                source: Spanned {
                    node: "std:fs",
                    span: 5..13,
                },
                names: [
                    Spanned {
                        node: "file",
                        span: 18..22,
                    },
                    Spanned {
                        node: "File",
                        span: 24..28,
                    },
                ],
                span: 0..28,
            },
        ),
        Fn(
            FnDecl {
                name: Spanned {
                    node: "write_kv",
                    span: 114..122,
                },
                params: [
                    Param {
                        name: Spanned {
                            node: "key",
                            span: 123..126,
                        },
                        ty: Spanned {
                            node: String,
                            span: 128..134,
                        },
                        default: None,
                        span: 123..134,
                    },
                    Param {
                        name: Spanned {
                            node: "count",
                            span: 136..141,
                        },
                        ty: Spanned {
                            node: Int,
                            span: 143..146,
                        },
                        default: None,
                        span: 136..146,
                    },
                ],
                return_type: Spanned {
                    node: File,
                    span: 149..153,
                },
                body: Block {
                    stmts: [],
                    trailing: Some(
                        Spanned {
                            node: Call {
                                callee: Spanned {
                                    node: "file",
                                    span: 158..162,
                                },
                                args: [
                                    CallArg {
                                        name: Some(
                                            Spanned {
                                                node: "path",
                                                span: 163..167,
                                            },
                                        ),
                                        value: Spanned {
                                            node: Interpolation(
                                                [
                                                    Text(
                                                        "~/state/",
                                                    ),
                                                    Expr(
                                                        Spanned {
                                                            node: Var(
                                                                "key",
                                                            ),
                                                            span: 181..184,
                                                        },
                                                    ),
                                                ],
                                            ),
                                            span: 170..186,
                                        },
                                        span: 163..186,
                                    },
                                    CallArg {
                                        name: Some(
                                            Spanned {
                                                node: "content",
                                                span: 188..195,
                                            },
                                        ),
                                        value: Spanned {
                                            node: Interpolation(
                                                [
                                                    Expr(
                                                        Spanned {
                                                            node: Var(
                                                                "count",
                                                            ),
                                                            span: 201..206,
                                                        },
                                                    ),
                                                ],
                                            ),
                                            span: 198..208,
                                        },
                                        span: 188..208,
                                    },
                                ],
                            },
                            span: 158..210,
                        },
                    ),
                    span: 154..213,
                },
                span: 111..213,
                intrinsic: None,
            },
        ),
        Val(
            ValDecl {
                name: Spanned {
                    node: "counts",
                    span: 217..223,
                },
                ty: Some(
                    Spanned {
                        node: Map(
                            String,
                            Int,
                        ),
                        span: 225..242,
                    },
                ),
                value: Spanned {
                    node: Map(
                        [
                            MapEntry {
                                key: Spanned {
                                    node: Literal(
                                        String(
                                            "alpha",
                                        ),
                                    ),
                                    span: 245..252,
                                },
                                value: Spanned {
                                    node: Literal(
                                        Int(
                                            1,
                                        ),
                                    ),
                                    span: 254..255,
                                },
                                span: 245..255,
                            },
                            MapEntry {
                                key: Spanned {
                                    node: Literal(
                                        String(
                                            "beta",
                                        ),
                                    ),
                                    span: 257..263,
                                },
                                value: Spanned {
                                    node: Literal(
                                        Int(
                                            2,
                                        ),
                                    ),
                                    span: 265..266,
                                },
                                span: 257..266,
                            },
                        ],
                    ),
                    span: 244..269,
                },
                span: 213..269,
            },
        ),
        ExprStmt(
            Spanned {
                node: For {
                    pattern: Entry {
                        key: Spanned {
                            node: "name",
                            span: 274..278,
                        },
                        value: Spanned {
                            node: "n",
                            span: 280..281,
                        },
                    },
                    iter_expr: Spanned {
                        node: Var(
                            "counts",
                        ),
                        span: 286..292,
                    },
                    body: Block {
                        stmts: [
                            Reconcile(
                                ReconcileDecl {
                                    chains: [
                                        [
                                            Spanned {
                                                node: Call {
                                                    callee: Spanned {
                                                        node: "write_kv",
                                                        span: 307..315,
                                                    },
                                                    args: [
                                                        CallArg {
                                                            name: None,
                                                            value: Spanned {
                                                                node: Var(
                                                                    "name",
                                                                ),
                                                                span: 316..320,
                                                            },
                                                            span: 316..320,
                                                        },
                                                        CallArg {
                                                            name: None,
                                                            value: Spanned {
                                                                node: Var(
                                                                    "n",
                                                                ),
                                                                span: 322..323,
                                                            },
                                                            span: 322..323,
                                                        },
                                                    ],
                                                },
                                                span: 307..325,
                                            },
                                        ],
                                    ],
                                    span: 297..325,
                                },
                            ),
                        ],
                        trailing: None,
                        span: 293..408,
                    },
                },
                span: 269..408,
            },
        ),
        Val(
            ValDecl {
                name: Spanned {
                    node: "codes",
                    span: 412..417,
                },
                ty: Some(
                    Spanned {
                        node: Map(
                            Int,
                            String,
                        ),
                        span: 419..436,
                    },
                ),
                value: Spanned {
                    node: Map(
                        [
                            MapEntry {
                                key: Spanned {
                                    node: Literal(
                                        Int(
                                            200,
                                        ),
                                    ),
                                    span: 439..442,
                                },
                                value: Spanned {
                                    node: Literal(
                                        String(
                                            "ok",
                                        ),
                                    ),
                                    span: 444..448,
                                },
                                span: 439..448,
                            },
                            MapEntry {
                                key: Spanned {
                                    node: Literal(
                                        Int(
                                            404,
                                        ),
                                    ),
                                    span: 450..453,
                                },
                                value: Spanned {
                                    node: Literal(
                                        String(
                                            "missing",
                                        ),
                                    ),
                                    span: 455..464,
                                },
                                span: 450..464,
                            },
                        ],
                    ),
                    span: 438..466,
                },
                span: 408..466,
            },
        ),
        ExprStmt(
            Spanned {
                node: For {
                    pattern: Entry {
                        key: Spanned {
                            node: "code",
                            span: 471..475,
                        },
                        value: Spanned {
                            node: "label",
                            span: 477..482,
                        },
                    },
                    iter_expr: Spanned {
                        node: Var(
                            "codes",
                        ),
                        span: 487..492,
                    },
                    body: Block {
                        stmts: [
                            Reconcile(
                                ReconcileDecl {
                                    chains: [
                                        [
                                            Spanned {
                                                node: Call {
                                                    callee: Spanned {
                                                        node: "file",
                                                        span: 507..511,
                                                    },
                                                    args: [
                                                        CallArg {
                                                            name: Some(
                                                                Spanned {
                                                                    node: "path",
                                                                    span: 512..516,
                                                                },
                                                            ),
                                                            value: Spanned {
                                                                node: Interpolation(
                                                                    [
                                                                        Text(
                                                                            "/tmp/",
                                                                        ),
                                                                        Expr(
                                                                            Spanned {
                                                                                node: Var(
                                                                                    "code",
                                                                                ),
                                                                                span: 527..531,
                                                                            },
                                                                        ),
                                                                    ],
                                                                ),
                                                                span: 519..533,
                                                            },
                                                            span: 512..533,
                                                        },
                                                        CallArg {
                                                            name: Some(
                                                                Spanned {
                                                                    node: "content",
                                                                    span: 535..542,
                                                                },
                                                            ),
                                                            value: Spanned {
                                                                node: Var(
                                                                    "label",
                                                                ),
                                                                span: 545..550,
                                                            },
                                                            span: 535..550,
                                                        },
                                                    ],
                                                },
                                                span: 507..552,
                                            },
                                        ],
                                    ],
                                    span: 497..552,
                                },
                            ),
                        ],
                        trailing: None,
                        span: 493..635,
                    },
                },
                span: 466..635,
            },
        ),
        Val(
            ValDecl {
                name: Spanned {
                    node: "by_user",
                    span: 639..646,
                },
                ty: Some(
                    Spanned {
                        node: Map(
                            String,
                            Boolean,
                        ),
                        span: 648..669,
                    },
                ),
                value: Spanned {
                    node: Map(
                        [
                            MapEntry {
                                key: Spanned {
                                    node: Literal(
                                        String(
                                            "alice",
                                        ),
                                    ),
                                    span: 672..679,
                                },
                                value: Spanned {
                                    node: Literal(
                                        Boolean(
                                            true,
                                        ),
                                    ),
                                    span: 681..685,
                                },
                                span: 672..685,
                            },
                            MapEntry {
                                key: Spanned {
                                    node: Literal(
                                        String(
                                            "bob",
                                        ),
                                    ),
                                    span: 687..692,
                                },
                                value: Spanned {
                                    node: Literal(
                                        Boolean(
                                            false,
                                        ),
                                    ),
                                    span: 694..699,
                                },
                                span: 687..699,
                            },
                        ],
                    ),
                    span: 671..701,
                },
                span: 635..701,
            },
        ),
        ExprStmt(
            Spanned {
                node: For {
                    pattern: Entry {
                        key: Spanned {
                            node: "user",
                            span: 706..710,
                        },
                        value: Spanned {
                            node: "enabled",
                            span: 712..719,
                        },
                    },
                    iter_expr: Spanned {
                        node: Var(
                            "by_user",
                        ),
                        span: 724..731,
                    },
                    body: Block {
                        stmts: [
                            Val(
                                ValDecl {
                                    name: Spanned {
                                        node: "tag",
                                        span: 740..743,
                                    },
                                    ty: Some(
                                        Spanned {
                                            node: String,
                                            span: 745..751,
                                        },
                                    ),
                                    value: Spanned {
                                        node: Interpolation(
                                            [
                                                Expr(
                                                    Spanned {
                                                        node: Var(
                                                            "user",
                                                        ),
                                                        span: 757..761,
                                                    },
                                                ),
                                                Text(
                                                    "=",
                                                ),
                                                Expr(
                                                    Spanned {
                                                        node: Var(
                                                            "enabled",
                                                        ),
                                                        span: 765..772,
                                                    },
                                                ),
                                            ],
                                        ),
                                        span: 754..774,
                                    },
                                    span: 736..777,
                                },
                            ),
                            Reconcile(
                                ReconcileDecl {
                                    chains: [
                                        [
                                            Spanned {
                                                node: Call {
                                                    callee: Spanned {
                                                        node: "file",
                                                        span: 787..791,
                                                    },
                                                    args: [
                                                        CallArg {
                                                            name: Some(
                                                                Spanned {
                                                                    node: "path",
                                                                    span: 792..796,
                                                                },
                                                            ),
                                                            value: Spanned {
                                                                node: Interpolation(
                                                                    [
                                                                        Text(
                                                                            "/tmp/",
                                                                        ),
                                                                        Expr(
                                                                            Spanned {
                                                                                node: Var(
                                                                                    "user",
                                                                                ),
                                                                                span: 807..811,
                                                                            },
                                                                        ),
                                                                    ],
                                                                ),
                                                                span: 799..813,
                                                            },
                                                            span: 792..813,
                                                        },
                                                        CallArg {
                                                            name: Some(
                                                                Spanned {
                                                                    node: "content",
                                                                    span: 815..822,
                                                                },
                                                            ),
                                                            value: Spanned {
                                                                node: Var(
                                                                    "tag",
                                                                ),
                                                                span: 825..828,
                                                            },
                                                            span: 815..828,
                                                        },
                                                    ],
                                                },
                                                span: 787..830,
                                            },
                                        ],
                                    ],
                                    span: 777..830,
                                },
                            ),
                        ],
                        trailing: None,
                        span: 732..832,
                    },
                },
                span: 701..832,
            },
        ),
    ],
}
