---
source: crates/keron-lang/tests/harness/mod.rs
---
Program {
    items: [
        Use(
            UseDecl {
                source: Spanned {
                    node: "std:fs",
                    span: 5..13,
                },
                names: [
                    Spanned {
                        node: "symlink",
                        span: 18..25,
                    },
                ],
                span: 0..25,
            },
        ),
        Val(
            ValDecl {
                name: Spanned {
                    node: "use_zsh",
                    span: 31..38,
                },
                ty: Some(
                    Spanned {
                        node: Boolean,
                        span: 40..47,
                    },
                ),
                value: Spanned {
                    node: Literal(
                        Boolean(
                            true,
                        ),
                    ),
                    span: 50..54,
                },
                span: 27..129,
            },
        ),
        Val(
            ValDecl {
                name: Spanned {
                    node: "shellrc",
                    span: 133..140,
                },
                ty: Some(
                    Spanned {
                        node: Symlink,
                        span: 142..149,
                    },
                ),
                value: Spanned {
                    node: If {
                        cond: Spanned {
                            node: Var(
                                "use_zsh",
                            ),
                            span: 155..162,
                        },
                        then_branch: Block {
                            stmts: [],
                            trailing: Some(
                                Spanned {
                                    node: Call {
                                        callee: Spanned {
                                            node: "symlink",
                                            span: 167..174,
                                        },
                                        args: [
                                            CallArg {
                                                name: Some(
                                                    Spanned {
                                                        node: "from",
                                                        span: 175..179,
                                                    },
                                                ),
                                                value: Spanned {
                                                    node: Literal(
                                                        String(
                                                            "~/df/zshrc",
                                                        ),
                                                    ),
                                                    span: 182..194,
                                                },
                                                span: 175..194,
                                            },
                                            CallArg {
                                                name: Some(
                                                    Spanned {
                                                        node: "to",
                                                        span: 196..198,
                                                    },
                                                ),
                                                value: Spanned {
                                                    node: Literal(
                                                        String(
                                                            "~/.zshrc",
                                                        ),
                                                    ),
                                                    span: 201..211,
                                                },
                                                span: 196..211,
                                            },
                                        ],
                                    },
                                    span: 167..213,
                                },
                            ),
                            span: 163..215,
                        },
                        else_branch: Block {
                            stmts: [],
                            trailing: Some(
                                Spanned {
                                    node: Call {
                                        callee: Spanned {
                                            node: "symlink",
                                            span: 224..231,
                                        },
                                        args: [
                                            CallArg {
                                                name: Some(
                                                    Spanned {
                                                        node: "from",
                                                        span: 232..236,
                                                    },
                                                ),
                                                value: Spanned {
                                                    node: Literal(
                                                        String(
                                                            "~/df/bashrc",
                                                        ),
                                                    ),
                                                    span: 239..252,
                                                },
                                                span: 232..252,
                                            },
                                            CallArg {
                                                name: Some(
                                                    Spanned {
                                                        node: "to",
                                                        span: 254..256,
                                                    },
                                                ),
                                                value: Spanned {
                                                    node: Literal(
                                                        String(
                                                            "~/.bashrc",
                                                        ),
                                                    ),
                                                    span: 259..270,
                                                },
                                                span: 254..270,
                                            },
                                        ],
                                    },
                                    span: 224..272,
                                },
                            ),
                            span: 220..315,
                        },
                    },
                    span: 152..315,
                },
                span: 129..315,
            },
        ),
        Val(
            ValDecl {
                name: Spanned {
                    node: "grade",
                    span: 319..324,
                },
                ty: Some(
                    Spanned {
                        node: String,
                        span: 326..332,
                    },
                ),
                value: Spanned {
                    node: If {
                        cond: Spanned {
                            node: Literal(
                                Boolean(
                                    true,
                                ),
                            ),
                            span: 338..342,
                        },
                        then_branch: Block {
                            stmts: [],
                            trailing: Some(
                                Spanned {
                                    node: Literal(
                                        String(
                                            "A",
                                        ),
                                    ),
                                    span: 347..350,
                                },
                            ),
                            span: 343..353,
                        },
                        else_branch: Block {
                            stmts: [],
                            trailing: Some(
                                Spanned {
                                    node: If {
                                        cond: Spanned {
                                            node: Literal(
                                                Boolean(
                                                    false,
                                                ),
                                            ),
                                            span: 361..366,
                                        },
                                        then_branch: Block {
                                            stmts: [],
                                            trailing: Some(
                                                Spanned {
                                                    node: Literal(
                                                        String(
                                                            "B",
                                                        ),
                                                    ),
                                                    span: 371..374,
                                                },
                                            ),
                                            span: 367..377,
                                        },
                                        else_branch: Block {
                                            stmts: [],
                                            trailing: Some(
                                                Spanned {
                                                    node: Literal(
                                                        String(
                                                            "F",
                                                        ),
                                                    ),
                                                    span: 386..389,
                                                },
                                            ),
                                            span: 382..429,
                                        },
                                    },
                                    span: 358..429,
                                },
                            ),
                            span: 358..429,
                        },
                    },
                    span: 335..429,
                },
                span: 315..429,
            },
        ),
        Fn(
            FnDecl {
                name: Spanned {
                    node: "classify",
                    span: 432..440,
                },
                params: [
                    Param {
                        name: Spanned {
                            node: "n",
                            span: 441..442,
                        },
                        ty: Spanned {
                            node: Int,
                            span: 444..447,
                        },
                        default: None,
                        span: 441..447,
                    },
                ],
                return_type: Spanned {
                    node: String,
                    span: 450..456,
                },
                body: Block {
                    stmts: [],
                    trailing: Some(
                        Spanned {
                            node: If {
                                cond: Spanned {
                                    node: Literal(
                                        Boolean(
                                            true,
                                        ),
                                    ),
                                    span: 464..468,
                                },
                                then_branch: Block {
                                    stmts: [],
                                    trailing: Some(
                                        Spanned {
                                            node: Literal(
                                                String(
                                                    "positive",
                                                ),
                                            ),
                                            span: 475..485,
                                        },
                                    ),
                                    span: 469..490,
                                },
                                else_branch: Block {
                                    stmts: [],
                                    trailing: Some(
                                        Spanned {
                                            node: If {
                                                cond: Spanned {
                                                    node: Literal(
                                                        Boolean(
                                                            false,
                                                        ),
                                                    ),
                                                    span: 498..503,
                                                },
                                                then_branch: Block {
                                                    stmts: [],
                                                    trailing: Some(
                                                        Spanned {
                                                            node: Literal(
                                                                String(
                                                                    "negative",
                                                                ),
                                                            ),
                                                            span: 510..520,
                                                        },
                                                    ),
                                                    span: 504..525,
                                                },
                                                else_branch: Block {
                                                    stmts: [],
                                                    trailing: Some(
                                                        Spanned {
                                                            node: Literal(
                                                                String(
                                                                    "zero",
                                                                ),
                                                            ),
                                                            span: 536..542,
                                                        },
                                                    ),
                                                    span: 530..547,
                                                },
                                            },
                                            span: 495..547,
                                        },
                                    ),
                                    span: 495..547,
                                },
                            },
                            span: 461..547,
                        },
                    ),
                    span: 457..550,
                },
                span: 429..550,
                intrinsic: None,
            },
        ),
        Reconcile(
            ReconcileDecl {
                chains: [
                    [
                        Spanned {
                            node: Var(
                                "shellrc",
                            ),
                            span: 560..567,
                        },
                    ],
                ],
                span: 550..567,
            },
        ),
    ],
}
