---
source: crates/keron-lang/tests/harness/mod.rs
---
Program {
    items: [
        Val(
            ValDecl {
                name: Spanned {
                    node: "sorted",
                    span: 516..522,
                },
                ty: Some(
                    Spanned {
                        node: List(
                            String,
                        ),
                        span: 524..537,
                    },
                ),
                value: Spanned {
                    node: Call {
                        callee: Spanned {
                            node: "sort",
                            span: 539..543,
                        },
                        args: [
                            CallArg {
                                name: None,
                                value: Spanned {
                                    node: List(
                                        [
                                            Spanned {
                                                node: Literal(
                                                    String(
                                                        "c",
                                                    ),
                                                ),
                                                span: 545..548,
                                            },
                                            Spanned {
                                                node: Literal(
                                                    String(
                                                        "a",
                                                    ),
                                                ),
                                                span: 550..553,
                                            },
                                            Spanned {
                                                node: Literal(
                                                    String(
                                                        "b",
                                                    ),
                                                ),
                                                span: 555..558,
                                            },
                                        ],
                                    ),
                                    span: 544..559,
                                },
                                span: 544..559,
                            },
                        ],
                    },
                    span: 539..562,
                },
                span: 512..562,
            },
        ),
        Val(
            ValDecl {
                name: Spanned {
                    node: "dedup",
                    span: 566..571,
                },
                ty: Some(
                    Spanned {
                        node: List(
                            String,
                        ),
                        span: 573..586,
                    },
                ),
                value: Spanned {
                    node: Call {
                        callee: Spanned {
                            node: "unique",
                            span: 588..594,
                        },
                        args: [
                            CallArg {
                                name: None,
                                value: Spanned {
                                    node: List(
                                        [
                                            Spanned {
                                                node: Literal(
                                                    String(
                                                        "a",
                                                    ),
                                                ),
                                                span: 596..599,
                                            },
                                            Spanned {
                                                node: Literal(
                                                    String(
                                                        "b",
                                                    ),
                                                ),
                                                span: 601..604,
                                            },
                                            Spanned {
                                                node: Literal(
                                                    String(
                                                        "a",
                                                    ),
                                                ),
                                                span: 606..609,
                                            },
                                        ],
                                    ),
                                    span: 595..610,
                                },
                                span: 595..610,
                            },
                        ],
                    },
                    span: 588..613,
                },
                span: 562..613,
            },
        ),
        Val(
            ValDecl {
                name: Spanned {
                    node: "idx",
                    span: 617..620,
                },
                ty: Some(
                    Spanned {
                        node: Int,
                        span: 622..625,
                    },
                ),
                value: Spanned {
                    node: Binary {
                        op: Coalesce,
                        lhs: Spanned {
                            node: Call {
                                callee: Spanned {
                                    node: "index_of",
                                    span: 628..636,
                                },
                                args: [
                                    CallArg {
                                        name: None,
                                        value: Spanned {
                                            node: List(
                                                [
                                                    Spanned {
                                                        node: Literal(
                                                            String(
                                                                "x",
                                                            ),
                                                        ),
                                                        span: 638..641,
                                                    },
                                                    Spanned {
                                                        node: Literal(
                                                            String(
                                                                "y",
                                                            ),
                                                        ),
                                                        span: 643..646,
                                                    },
                                                    Spanned {
                                                        node: Literal(
                                                            String(
                                                                "z",
                                                            ),
                                                        ),
                                                        span: 648..651,
                                                    },
                                                ],
                                            ),
                                            span: 637..652,
                                        },
                                        span: 637..652,
                                    },
                                    CallArg {
                                        name: None,
                                        value: Spanned {
                                            node: Literal(
                                                String(
                                                    "y",
                                                ),
                                            ),
                                            span: 654..657,
                                        },
                                        span: 654..657,
                                    },
                                ],
                            },
                            span: 628..659,
                        },
                        rhs: Spanned {
                            node: Unary {
                                op: Neg,
                                operand: Spanned {
                                    node: Literal(
                                        Int(
                                            1,
                                        ),
                                    ),
                                    span: 663..664,
                                },
                            },
                            span: 662..666,
                        },
                    },
                    span: 628..666,
                },
                span: 613..666,
            },
        ),
        Val(
            ValDecl {
                name: Spanned {
                    node: "base",
                    span: 670..674,
                },
                ty: Some(
                    Spanned {
                        node: Map(
                            String,
                            String,
                        ),
                        span: 676..696,
                    },
                ),
                value: Spanned {
                    node: Map(
                        [
                            MapEntry {
                                key: Spanned {
                                    node: Literal(
                                        String(
                                            "a",
                                        ),
                                    ),
                                    span: 699..702,
                                },
                                value: Spanned {
                                    node: Literal(
                                        String(
                                            "1",
                                        ),
                                    ),
                                    span: 704..707,
                                },
                                span: 699..707,
                            },
                            MapEntry {
                                key: Spanned {
                                    node: Literal(
                                        String(
                                            "b",
                                        ),
                                    ),
                                    span: 709..712,
                                },
                                value: Spanned {
                                    node: Literal(
                                        String(
                                            "2",
                                        ),
                                    ),
                                    span: 714..717,
                                },
                                span: 709..717,
                            },
                        ],
                    ),
                    span: 698..720,
                },
                span: 666..720,
            },
        ),
        Val(
            ValDecl {
                name: Spanned {
                    node: "overlay",
                    span: 724..731,
                },
                ty: Some(
                    Spanned {
                        node: Map(
                            String,
                            String,
                        ),
                        span: 733..753,
                    },
                ),
                value: Spanned {
                    node: Map(
                        [
                            MapEntry {
                                key: Spanned {
                                    node: Literal(
                                        String(
                                            "b",
                                        ),
                                    ),
                                    span: 756..759,
                                },
                                value: Spanned {
                                    node: Literal(
                                        String(
                                            "9",
                                        ),
                                    ),
                                    span: 761..764,
                                },
                                span: 756..764,
                            },
                            MapEntry {
                                key: Spanned {
                                    node: Literal(
                                        String(
                                            "c",
                                        ),
                                    ),
                                    span: 766..769,
                                },
                                value: Spanned {
                                    node: Literal(
                                        String(
                                            "3",
                                        ),
                                    ),
                                    span: 771..774,
                                },
                                span: 766..774,
                            },
                        ],
                    ),
                    span: 755..777,
                },
                span: 720..777,
            },
        ),
        Val(
            ValDecl {
                name: Spanned {
                    node: "merged",
                    span: 781..787,
                },
                ty: Some(
                    Spanned {
                        node: Map(
                            String,
                            String,
                        ),
                        span: 789..809,
                    },
                ),
                value: Spanned {
                    node: Call {
                        callee: Spanned {
                            node: "merge",
                            span: 811..816,
                        },
                        args: [
                            CallArg {
                                name: None,
                                value: Spanned {
                                    node: Var(
                                        "base",
                                    ),
                                    span: 817..821,
                                },
                                span: 817..821,
                            },
                            CallArg {
                                name: None,
                                value: Spanned {
                                    node: Var(
                                        "overlay",
                                    ),
                                    span: 823..830,
                                },
                                span: 823..830,
                            },
                        ],
                    },
                    span: 811..833,
                },
                span: 777..833,
            },
        ),
        Val(
            ValDecl {
                name: Spanned {
                    node: "stripped",
                    span: 837..845,
                },
                ty: Some(
                    Spanned {
                        node: Map(
                            String,
                            String,
                        ),
                        span: 847..867,
                    },
                ),
                value: Spanned {
                    node: Call {
                        callee: Spanned {
                            node: "without",
                            span: 869..876,
                        },
                        args: [
                            CallArg {
                                name: None,
                                value: Spanned {
                                    node: Var(
                                        "merged",
                                    ),
                                    span: 877..883,
                                },
                                span: 877..883,
                            },
                            CallArg {
                                name: None,
                                value: Spanned {
                                    node: Literal(
                                        String(
                                            "a",
                                        ),
                                    ),
                                    span: 885..888,
                                },
                                span: 885..888,
                            },
                        ],
                    },
                    span: 869..891,
                },
                span: 833..891,
            },
        ),
        Val(
            ValDecl {
                name: Spanned {
                    node: "upserted",
                    span: 895..903,
                },
                ty: Some(
                    Spanned {
                        node: Map(
                            String,
                            String,
                        ),
                        span: 905..925,
                    },
                ),
                value: Spanned {
                    node: Call {
                        callee: Spanned {
                            node: "with",
                            span: 927..931,
                        },
                        args: [
                            CallArg {
                                name: None,
                                value: Spanned {
                                    node: Var(
                                        "stripped",
                                    ),
                                    span: 932..940,
                                },
                                span: 932..940,
                            },
                            CallArg {
                                name: None,
                                value: Spanned {
                                    node: Literal(
                                        String(
                                            "d",
                                        ),
                                    ),
                                    span: 942..945,
                                },
                                span: 942..945,
                            },
                            CallArg {
                                name: None,
                                value: Spanned {
                                    node: Literal(
                                        String(
                                            "4",
                                        ),
                                    ),
                                    span: 947..950,
                                },
                                span: 947..950,
                            },
                        ],
                    },
                    span: 927..952,
                },
                span: 891..952,
            },
        ),
    ],
}
