---
source: crates/keron-lang/tests/harness/mod.rs
---
Program {
    items: [
        Val(
            ValDecl {
                name: Spanned {
                    node: "nums",
                    span: 341..345,
                },
                ty: Some(
                    Spanned {
                        node: List(
                            Int,
                        ),
                        span: 347..357,
                    },
                ),
                value: Spanned {
                    node: List(
                        [
                            Spanned {
                                node: Literal(
                                    Int(
                                        1,
                                    ),
                                ),
                                span: 360..361,
                            },
                            Spanned {
                                node: Literal(
                                    Int(
                                        2,
                                    ),
                                ),
                                span: 363..364,
                            },
                            Spanned {
                                node: Literal(
                                    Int(
                                        3,
                                    ),
                                ),
                                span: 366..367,
                            },
                            Spanned {
                                node: Literal(
                                    Int(
                                        4,
                                    ),
                                ),
                                span: 369..370,
                            },
                        ],
                    ),
                    span: 359..373,
                },
                span: 337..373,
            },
        ),
        Val(
            ValDecl {
                name: Spanned {
                    node: "n",
                    span: 377..378,
                },
                ty: Some(
                    Spanned {
                        node: Int,
                        span: 380..383,
                    },
                ),
                value: Spanned {
                    node: Call {
                        callee: Spanned {
                            node: "len",
                            span: 386..389,
                        },
                        args: [
                            CallArg {
                                name: None,
                                value: Spanned {
                                    node: Var(
                                        "nums",
                                    ),
                                    span: 390..394,
                                },
                                span: 390..394,
                            },
                        ],
                    },
                    span: 386..397,
                },
                span: 373..397,
            },
        ),
        Val(
            ValDecl {
                name: Spanned {
                    node: "has_two",
                    span: 401..408,
                },
                ty: Some(
                    Spanned {
                        node: Boolean,
                        span: 410..417,
                    },
                ),
                value: Spanned {
                    node: Call {
                        callee: Spanned {
                            node: "list_contains",
                            span: 420..433,
                        },
                        args: [
                            CallArg {
                                name: None,
                                value: Spanned {
                                    node: Var(
                                        "nums",
                                    ),
                                    span: 434..438,
                                },
                                span: 434..438,
                            },
                            CallArg {
                                name: None,
                                value: Spanned {
                                    node: Literal(
                                        Int(
                                            2,
                                        ),
                                    ),
                                    span: 440..441,
                                },
                                span: 440..441,
                            },
                        ],
                    },
                    span: 420..444,
                },
                span: 397..444,
            },
        ),
        Val(
            ValDecl {
                name: Spanned {
                    node: "head",
                    span: 448..452,
                },
                ty: Some(
                    Spanned {
                        node: Int,
                        span: 454..457,
                    },
                ),
                value: Spanned {
                    node: Binary {
                        op: Coalesce,
                        lhs: Spanned {
                            node: Call {
                                callee: Spanned {
                                    node: "first",
                                    span: 460..465,
                                },
                                args: [
                                    CallArg {
                                        name: None,
                                        value: Spanned {
                                            node: Var(
                                                "nums",
                                            ),
                                            span: 466..470,
                                        },
                                        span: 466..470,
                                    },
                                ],
                            },
                            span: 460..472,
                        },
                        rhs: Spanned {
                            node: Unary {
                                op: Neg,
                                operand: Spanned {
                                    node: Literal(
                                        Int(
                                            1,
                                        ),
                                    ),
                                    span: 476..477,
                                },
                            },
                            span: 475..479,
                        },
                    },
                    span: 460..479,
                },
                span: 444..479,
            },
        ),
        Val(
            ValDecl {
                name: Spanned {
                    node: "tail",
                    span: 483..487,
                },
                ty: Some(
                    Spanned {
                        node: Int,
                        span: 489..492,
                    },
                ),
                value: Spanned {
                    node: Binary {
                        op: Coalesce,
                        lhs: Spanned {
                            node: Call {
                                callee: Spanned {
                                    node: "last",
                                    span: 495..499,
                                },
                                args: [
                                    CallArg {
                                        name: None,
                                        value: Spanned {
                                            node: Var(
                                                "nums",
                                            ),
                                            span: 500..504,
                                        },
                                        span: 500..504,
                                    },
                                ],
                            },
                            span: 495..506,
                        },
                        rhs: Spanned {
                            node: Unary {
                                op: Neg,
                                operand: Spanned {
                                    node: Literal(
                                        Int(
                                            1,
                                        ),
                                    ),
                                    span: 510..511,
                                },
                            },
                            span: 509..513,
                        },
                    },
                    span: 495..513,
                },
                span: 479..513,
            },
        ),
        Val(
            ValDecl {
                name: Spanned {
                    node: "parts",
                    span: 517..522,
                },
                ty: Some(
                    Spanned {
                        node: List(
                            String,
                        ),
                        span: 524..537,
                    },
                ),
                value: Spanned {
                    node: Call {
                        callee: Spanned {
                            node: "split",
                            span: 539..544,
                        },
                        args: [
                            CallArg {
                                name: None,
                                value: Spanned {
                                    node: Literal(
                                        String(
                                            "a:b:c",
                                        ),
                                    ),
                                    span: 545..552,
                                },
                                span: 545..552,
                            },
                            CallArg {
                                name: None,
                                value: Spanned {
                                    node: Literal(
                                        String(
                                            ":",
                                        ),
                                    ),
                                    span: 554..557,
                                },
                                span: 554..557,
                            },
                        ],
                    },
                    span: 539..560,
                },
                span: 513..560,
            },
        ),
        Val(
            ValDecl {
                name: Spanned {
                    node: "first_part",
                    span: 564..574,
                },
                ty: Some(
                    Spanned {
                        node: String,
                        span: 576..582,
                    },
                ),
                value: Spanned {
                    node: Binary {
                        op: Coalesce,
                        lhs: Spanned {
                            node: Call {
                                callee: Spanned {
                                    node: "first",
                                    span: 585..590,
                                },
                                args: [
                                    CallArg {
                                        name: None,
                                        value: Spanned {
                                            node: Var(
                                                "parts",
                                            ),
                                            span: 591..596,
                                        },
                                        span: 591..596,
                                    },
                                ],
                            },
                            span: 585..598,
                        },
                        rhs: Spanned {
                            node: Literal(
                                String(
                                    "<empty>",
                                ),
                            ),
                            span: 601..610,
                        },
                    },
                    span: 585..610,
                },
                span: 560..612,
            },
        ),
        Val(
            ValDecl {
                name: Spanned {
                    node: "mapping",
                    span: 616..623,
                },
                ty: Some(
                    Spanned {
                        node: Map(
                            String,
                            String,
                        ),
                        span: 625..645,
                    },
                ),
                value: Spanned {
                    node: Map(
                        [
                            MapEntry {
                                key: Spanned {
                                    node: Literal(
                                        String(
                                            "linux",
                                        ),
                                    ),
                                    span: 648..655,
                                },
                                value: Spanned {
                                    node: Literal(
                                        String(
                                            "/usr/local",
                                        ),
                                    ),
                                    span: 657..669,
                                },
                                span: 648..669,
                            },
                            MapEntry {
                                key: Spanned {
                                    node: Literal(
                                        String(
                                            "macos",
                                        ),
                                    ),
                                    span: 671..678,
                                },
                                value: Spanned {
                                    node: Literal(
                                        String(
                                            "/opt/homebrew",
                                        ),
                                    ),
                                    span: 680..695,
                                },
                                span: 671..695,
                            },
                        ],
                    ),
                    span: 647..698,
                },
                span: 612..698,
            },
        ),
        Val(
            ValDecl {
                name: Spanned {
                    node: "all_keys",
                    span: 702..710,
                },
                ty: Some(
                    Spanned {
                        node: List(
                            String,
                        ),
                        span: 712..725,
                    },
                ),
                value: Spanned {
                    node: Call {
                        callee: Spanned {
                            node: "keys",
                            span: 727..731,
                        },
                        args: [
                            CallArg {
                                name: None,
                                value: Spanned {
                                    node: Var(
                                        "mapping",
                                    ),
                                    span: 732..739,
                                },
                                span: 732..739,
                            },
                        ],
                    },
                    span: 727..742,
                },
                span: 698..742,
            },
        ),
        Val(
            ValDecl {
                name: Spanned {
                    node: "all_values",
                    span: 746..756,
                },
                ty: Some(
                    Spanned {
                        node: List(
                            String,
                        ),
                        span: 758..771,
                    },
                ),
                value: Spanned {
                    node: Call {
                        callee: Spanned {
                            node: "values",
                            span: 773..779,
                        },
                        args: [
                            CallArg {
                                name: None,
                                value: Spanned {
                                    node: Var(
                                        "mapping",
                                    ),
                                    span: 780..787,
                                },
                                span: 780..787,
                            },
                        ],
                    },
                    span: 773..925,
                },
                span: 742..925,
            },
        ),
        Val(
            ValDecl {
                name: Spanned {
                    node: "prefix",
                    span: 929..935,
                },
                ty: Some(
                    Spanned {
                        node: String,
                        span: 937..943,
                    },
                ),
                value: Spanned {
                    node: Call {
                        callee: Spanned {
                            node: "get",
                            span: 946..949,
                        },
                        args: [
                            CallArg {
                                name: None,
                                value: Spanned {
                                    node: Var(
                                        "mapping",
                                    ),
                                    span: 950..957,
                                },
                                span: 950..957,
                            },
                            CallArg {
                                name: None,
                                value: Spanned {
                                    node: Call {
                                        callee: Spanned {
                                            node: "os_type",
                                            span: 959..966,
                                        },
                                        args: [],
                                    },
                                    span: 959..968,
                                },
                                span: 959..968,
                            },
                            CallArg {
                                name: None,
                                value: Spanned {
                                    node: Literal(
                                        String(
                                            "/tmp",
                                        ),
                                    ),
                                    span: 970..976,
                                },
                                span: 970..976,
                            },
                        ],
                    },
                    span: 946..979,
                },
                span: 925..979,
            },
        ),
        Val(
            ValDecl {
                name: Spanned {
                    node: "knows_linux",
                    span: 983..994,
                },
                ty: Some(
                    Spanned {
                        node: Boolean,
                        span: 996..1003,
                    },
                ),
                value: Spanned {
                    node: Call {
                        callee: Spanned {
                            node: "map_contains",
                            span: 1006..1018,
                        },
                        args: [
                            CallArg {
                                name: None,
                                value: Spanned {
                                    node: Var(
                                        "mapping",
                                    ),
                                    span: 1019..1026,
                                },
                                span: 1019..1026,
                            },
                            CallArg {
                                name: None,
                                value: Spanned {
                                    node: Literal(
                                        String(
                                            "linux",
                                        ),
                                    ),
                                    span: 1028..1035,
                                },
                                span: 1028..1035,
                            },
                        ],
                    },
                    span: 1006..1037,
                },
                span: 979..1037,
            },
        ),
    ],
}
