---
source: crates/keron-lang/tests/harness/mod.rs
---
Program {
    items: [
        Val(
            ValDecl {
                name: Spanned {
                    node: "nums",
                    span: 341..345,
                },
                ty: Some(
                    Spanned {
                        node: List(
                            Int,
                        ),
                        span: 347..357,
                    },
                ),
                value: Spanned {
                    node: List(
                        [
                            Spanned {
                                node: Literal(
                                    Int(
                                        1,
                                    ),
                                ),
                                span: 360..361,
                            },
                            Spanned {
                                node: Literal(
                                    Int(
                                        2,
                                    ),
                                ),
                                span: 363..364,
                            },
                            Spanned {
                                node: Literal(
                                    Int(
                                        3,
                                    ),
                                ),
                                span: 366..367,
                            },
                            Spanned {
                                node: Literal(
                                    Int(
                                        4,
                                    ),
                                ),
                                span: 369..370,
                            },
                        ],
                    ),
                    span: 359..373,
                },
                span: 337..373,
            },
        ),
        Val(
            ValDecl {
                name: Spanned {
                    node: "n",
                    span: 377..378,
                },
                ty: Some(
                    Spanned {
                        node: Int,
                        span: 380..383,
                    },
                ),
                value: Spanned {
                    node: Call {
                        callee: Spanned {
                            node: "len",
                            span: 386..389,
                        },
                        args: [
                            CallArg {
                                name: None,
                                value: Spanned {
                                    node: Var(
                                        "nums",
                                    ),
                                    span: 390..394,
                                },
                                span: 390..394,
                            },
                        ],
                    },
                    span: 386..397,
                },
                span: 373..397,
            },
        ),
        Val(
            ValDecl {
                name: Spanned {
                    node: "has_two",
                    span: 401..408,
                },
                ty: Some(
                    Spanned {
                        node: Boolean,
                        span: 410..417,
                    },
                ),
                value: Spanned {
                    node: Call {
                        callee: Spanned {
                            node: "contains",
                            span: 420..428,
                        },
                        args: [
                            CallArg {
                                name: None,
                                value: Spanned {
                                    node: Var(
                                        "nums",
                                    ),
                                    span: 429..433,
                                },
                                span: 429..433,
                            },
                            CallArg {
                                name: None,
                                value: Spanned {
                                    node: Literal(
                                        Int(
                                            2,
                                        ),
                                    ),
                                    span: 435..436,
                                },
                                span: 435..436,
                            },
                        ],
                    },
                    span: 420..439,
                },
                span: 397..439,
            },
        ),
        Val(
            ValDecl {
                name: Spanned {
                    node: "head",
                    span: 443..447,
                },
                ty: Some(
                    Spanned {
                        node: Int,
                        span: 449..452,
                    },
                ),
                value: Spanned {
                    node: Binary {
                        op: Coalesce,
                        lhs: Spanned {
                            node: Call {
                                callee: Spanned {
                                    node: "first",
                                    span: 455..460,
                                },
                                args: [
                                    CallArg {
                                        name: None,
                                        value: Spanned {
                                            node: Var(
                                                "nums",
                                            ),
                                            span: 461..465,
                                        },
                                        span: 461..465,
                                    },
                                ],
                            },
                            span: 455..467,
                        },
                        rhs: Spanned {
                            node: Literal(
                                Int(
                                    -1,
                                ),
                            ),
                            span: 470..474,
                        },
                    },
                    span: 455..474,
                },
                span: 439..474,
            },
        ),
        Val(
            ValDecl {
                name: Spanned {
                    node: "tail",
                    span: 478..482,
                },
                ty: Some(
                    Spanned {
                        node: Int,
                        span: 484..487,
                    },
                ),
                value: Spanned {
                    node: Binary {
                        op: Coalesce,
                        lhs: Spanned {
                            node: Call {
                                callee: Spanned {
                                    node: "last",
                                    span: 490..494,
                                },
                                args: [
                                    CallArg {
                                        name: None,
                                        value: Spanned {
                                            node: Var(
                                                "nums",
                                            ),
                                            span: 495..499,
                                        },
                                        span: 495..499,
                                    },
                                ],
                            },
                            span: 490..501,
                        },
                        rhs: Spanned {
                            node: Literal(
                                Int(
                                    -1,
                                ),
                            ),
                            span: 504..508,
                        },
                    },
                    span: 490..508,
                },
                span: 474..508,
            },
        ),
        Val(
            ValDecl {
                name: Spanned {
                    node: "parts",
                    span: 512..517,
                },
                ty: Some(
                    Spanned {
                        node: List(
                            String,
                        ),
                        span: 519..532,
                    },
                ),
                value: Spanned {
                    node: Call {
                        callee: Spanned {
                            node: "split",
                            span: 534..539,
                        },
                        args: [
                            CallArg {
                                name: None,
                                value: Spanned {
                                    node: Literal(
                                        String(
                                            "a:b:c",
                                        ),
                                    ),
                                    span: 540..547,
                                },
                                span: 540..547,
                            },
                            CallArg {
                                name: None,
                                value: Spanned {
                                    node: Literal(
                                        String(
                                            ":",
                                        ),
                                    ),
                                    span: 549..552,
                                },
                                span: 549..552,
                            },
                        ],
                    },
                    span: 534..555,
                },
                span: 508..555,
            },
        ),
        Val(
            ValDecl {
                name: Spanned {
                    node: "first_part",
                    span: 559..569,
                },
                ty: Some(
                    Spanned {
                        node: String,
                        span: 571..577,
                    },
                ),
                value: Spanned {
                    node: Binary {
                        op: Coalesce,
                        lhs: Spanned {
                            node: Call {
                                callee: Spanned {
                                    node: "first",
                                    span: 580..585,
                                },
                                args: [
                                    CallArg {
                                        name: None,
                                        value: Spanned {
                                            node: Var(
                                                "parts",
                                            ),
                                            span: 586..591,
                                        },
                                        span: 586..591,
                                    },
                                ],
                            },
                            span: 580..593,
                        },
                        rhs: Spanned {
                            node: Literal(
                                String(
                                    "<empty>",
                                ),
                            ),
                            span: 596..605,
                        },
                    },
                    span: 580..605,
                },
                span: 555..607,
            },
        ),
        Val(
            ValDecl {
                name: Spanned {
                    node: "mapping",
                    span: 611..618,
                },
                ty: Some(
                    Spanned {
                        node: Map(
                            String,
                            String,
                        ),
                        span: 620..640,
                    },
                ),
                value: Spanned {
                    node: Map(
                        [
                            MapEntry {
                                key: Spanned {
                                    node: Literal(
                                        String(
                                            "linux",
                                        ),
                                    ),
                                    span: 643..650,
                                },
                                value: Spanned {
                                    node: Literal(
                                        String(
                                            "/usr/local",
                                        ),
                                    ),
                                    span: 652..664,
                                },
                                span: 643..664,
                            },
                            MapEntry {
                                key: Spanned {
                                    node: Literal(
                                        String(
                                            "macos",
                                        ),
                                    ),
                                    span: 666..673,
                                },
                                value: Spanned {
                                    node: Literal(
                                        String(
                                            "/opt/homebrew",
                                        ),
                                    ),
                                    span: 675..690,
                                },
                                span: 666..690,
                            },
                        ],
                    ),
                    span: 642..693,
                },
                span: 607..693,
            },
        ),
        Val(
            ValDecl {
                name: Spanned {
                    node: "all_keys",
                    span: 697..705,
                },
                ty: Some(
                    Spanned {
                        node: List(
                            String,
                        ),
                        span: 707..720,
                    },
                ),
                value: Spanned {
                    node: Call {
                        callee: Spanned {
                            node: "keys",
                            span: 722..726,
                        },
                        args: [
                            CallArg {
                                name: None,
                                value: Spanned {
                                    node: Var(
                                        "mapping",
                                    ),
                                    span: 727..734,
                                },
                                span: 727..734,
                            },
                        ],
                    },
                    span: 722..737,
                },
                span: 693..737,
            },
        ),
        Val(
            ValDecl {
                name: Spanned {
                    node: "all_values",
                    span: 741..751,
                },
                ty: Some(
                    Spanned {
                        node: List(
                            String,
                        ),
                        span: 753..766,
                    },
                ),
                value: Spanned {
                    node: Call {
                        callee: Spanned {
                            node: "values",
                            span: 768..774,
                        },
                        args: [
                            CallArg {
                                name: None,
                                value: Spanned {
                                    node: Var(
                                        "mapping",
                                    ),
                                    span: 775..782,
                                },
                                span: 775..782,
                            },
                        ],
                    },
                    span: 768..920,
                },
                span: 737..920,
            },
        ),
        Val(
            ValDecl {
                name: Spanned {
                    node: "prefix",
                    span: 924..930,
                },
                ty: Some(
                    Spanned {
                        node: String,
                        span: 932..938,
                    },
                ),
                value: Spanned {
                    node: Call {
                        callee: Spanned {
                            node: "get",
                            span: 941..944,
                        },
                        args: [
                            CallArg {
                                name: None,
                                value: Spanned {
                                    node: Var(
                                        "mapping",
                                    ),
                                    span: 945..952,
                                },
                                span: 945..952,
                            },
                            CallArg {
                                name: None,
                                value: Spanned {
                                    node: Call {
                                        callee: Spanned {
                                            node: "os_type",
                                            span: 954..961,
                                        },
                                        args: [],
                                    },
                                    span: 954..963,
                                },
                                span: 954..963,
                            },
                            CallArg {
                                name: None,
                                value: Spanned {
                                    node: Literal(
                                        String(
                                            "/tmp",
                                        ),
                                    ),
                                    span: 965..971,
                                },
                                span: 965..971,
                            },
                        ],
                    },
                    span: 941..974,
                },
                span: 920..974,
            },
        ),
        Val(
            ValDecl {
                name: Spanned {
                    node: "knows_linux",
                    span: 978..989,
                },
                ty: Some(
                    Spanned {
                        node: Boolean,
                        span: 991..998,
                    },
                ),
                value: Spanned {
                    node: Call {
                        callee: Spanned {
                            node: "contains",
                            span: 1001..1009,
                        },
                        args: [
                            CallArg {
                                name: None,
                                value: Spanned {
                                    node: Var(
                                        "mapping",
                                    ),
                                    span: 1010..1017,
                                },
                                span: 1010..1017,
                            },
                            CallArg {
                                name: None,
                                value: Spanned {
                                    node: Literal(
                                        String(
                                            "linux",
                                        ),
                                    ),
                                    span: 1019..1026,
                                },
                                span: 1019..1026,
                            },
                        ],
                    },
                    span: 1001..1028,
                },
                span: 974..1028,
            },
        ),
    ],
}
