---
source: crates/keron-lang/tests/harness/mod.rs
---
Program {
    items: [
        Val(
            ValDecl {
                name: Spanned {
                    node: "by_name",
                    span: 4..11,
                },
                ty: Some(
                    Spanned {
                        node: Map(
                            String,
                            Int,
                        ),
                        span: 13..30,
                    },
                ),
                value: Spanned {
                    node: Map(
                        [
                            MapEntry {
                                key: Spanned {
                                    node: Literal(
                                        String(
                                            "alice",
                                        ),
                                    ),
                                    span: 33..40,
                                },
                                value: Spanned {
                                    node: Literal(
                                        Int(
                                            1,
                                        ),
                                    ),
                                    span: 42..43,
                                },
                                span: 33..43,
                            },
                            MapEntry {
                                key: Spanned {
                                    node: Literal(
                                        String(
                                            "bob",
                                        ),
                                    ),
                                    span: 45..50,
                                },
                                value: Spanned {
                                    node: Literal(
                                        Int(
                                            2,
                                        ),
                                    ),
                                    span: 52..53,
                                },
                                span: 45..53,
                            },
                        ],
                    ),
                    span: 32..56,
                },
                span: 0..56,
            },
        ),
        Val(
            ValDecl {
                name: Spanned {
                    node: "codes",
                    span: 60..65,
                },
                ty: Some(
                    Spanned {
                        node: Map(
                            Int,
                            String,
                        ),
                        span: 67..84,
                    },
                ),
                value: Spanned {
                    node: Map(
                        [
                            MapEntry {
                                key: Spanned {
                                    node: Literal(
                                        Int(
                                            200,
                                        ),
                                    ),
                                    span: 87..90,
                                },
                                value: Spanned {
                                    node: Literal(
                                        String(
                                            "ok",
                                        ),
                                    ),
                                    span: 92..96,
                                },
                                span: 87..96,
                            },
                            MapEntry {
                                key: Spanned {
                                    node: Literal(
                                        Int(
                                            404,
                                        ),
                                    ),
                                    span: 98..101,
                                },
                                value: Spanned {
                                    node: Literal(
                                        String(
                                            "missing",
                                        ),
                                    ),
                                    span: 103..112,
                                },
                                span: 98..112,
                            },
                        ],
                    ),
                    span: 86..115,
                },
                span: 56..115,
            },
        ),
        Val(
            ValDecl {
                name: Spanned {
                    node: "empty",
                    span: 119..124,
                },
                ty: Some(
                    Spanned {
                        node: Map(
                            String,
                            List(
                                Int,
                            ),
                        ),
                        span: 126..149,
                    },
                ),
                value: Spanned {
                    node: Map(
                        [],
                    ),
                    span: 151..155,
                },
                span: 115..155,
            },
        ),
        Val(
            ValDecl {
                name: Spanned {
                    node: "with_lists",
                    span: 159..169,
                },
                ty: Some(
                    Spanned {
                        node: Map(
                            String,
                            List(
                                Int,
                            ),
                        ),
                        span: 171..194,
                    },
                ),
                value: Spanned {
                    node: Map(
                        [
                            MapEntry {
                                key: Spanned {
                                    node: Literal(
                                        String(
                                            "a",
                                        ),
                                    ),
                                    span: 197..200,
                                },
                                value: Spanned {
                                    node: List(
                                        [
                                            Spanned {
                                                node: Literal(
                                                    Int(
                                                        1,
                                                    ),
                                                ),
                                                span: 203..204,
                                            },
                                            Spanned {
                                                node: Literal(
                                                    Int(
                                                        2,
                                                    ),
                                                ),
                                                span: 206..207,
                                            },
                                        ],
                                    ),
                                    span: 202..208,
                                },
                                span: 197..208,
                            },
                            MapEntry {
                                key: Spanned {
                                    node: Literal(
                                        String(
                                            "b",
                                        ),
                                    ),
                                    span: 210..213,
                                },
                                value: Spanned {
                                    node: List(
                                        [],
                                    ),
                                    span: 215..217,
                                },
                                span: 210..217,
                            },
                        ],
                    ),
                    span: 196..220,
                },
                span: 155..220,
            },
        ),
        Val(
            ValDecl {
                name: Spanned {
                    node: "with_exprs",
                    span: 224..234,
                },
                ty: Some(
                    Spanned {
                        node: Map(
                            String,
                            Int,
                        ),
                        span: 236..253,
                    },
                ),
                value: Spanned {
                    node: Map(
                        [
                            MapEntry {
                                key: Spanned {
                                    node: Literal(
                                        String(
                                            "sum",
                                        ),
                                    ),
                                    span: 256..261,
                                },
                                value: Spanned {
                                    node: Binary {
                                        op: Add,
                                        lhs: Spanned {
                                            node: Literal(
                                                Int(
                                                    1,
                                                ),
                                            ),
                                            span: 263..264,
                                        },
                                        rhs: Spanned {
                                            node: Literal(
                                                Int(
                                                    2,
                                                ),
                                            ),
                                            span: 267..268,
                                        },
                                    },
                                    span: 263..268,
                                },
                                span: 256..268,
                            },
                            MapEntry {
                                key: Spanned {
                                    node: Literal(
                                        String(
                                            "prod",
                                        ),
                                    ),
                                    span: 270..276,
                                },
                                value: Spanned {
                                    node: Binary {
                                        op: Mul,
                                        lhs: Spanned {
                                            node: Literal(
                                                Int(
                                                    3,
                                                ),
                                            ),
                                            span: 278..279,
                                        },
                                        rhs: Spanned {
                                            node: Literal(
                                                Int(
                                                    4,
                                                ),
                                            ),
                                            span: 282..283,
                                        },
                                    },
                                    span: 278..283,
                                },
                                span: 270..283,
                            },
                        ],
                    ),
                    span: 255..286,
                },
                span: 220..286,
            },
        ),
        Val(
            ValDecl {
                name: Spanned {
                    node: "nested",
                    span: 290..296,
                },
                ty: Some(
                    Spanned {
                        node: Map(
                            String,
                            Map(
                                String,
                                Int,
                            ),
                        ),
                        span: 298..328,
                    },
                ),
                value: Spanned {
                    node: Map(
                        [
                            MapEntry {
                                key: Spanned {
                                    node: Literal(
                                        String(
                                            "k",
                                        ),
                                    ),
                                    span: 331..334,
                                },
                                value: Spanned {
                                    node: Map(
                                        [
                                            MapEntry {
                                                key: Spanned {
                                                    node: Literal(
                                                        String(
                                                            "inner",
                                                        ),
                                                    ),
                                                    span: 337..344,
                                                },
                                                value: Spanned {
                                                    node: Literal(
                                                        Int(
                                                            1,
                                                        ),
                                                    ),
                                                    span: 346..347,
                                                },
                                                span: 337..347,
                                            },
                                        ],
                                    ),
                                    span: 336..348,
                                },
                                span: 331..348,
                            },
                        ],
                    ),
                    span: 330..350,
                },
                span: 286..350,
            },
        ),
    ],
}
