---
source: crates/keron-lang/tests/harness/mod.rs
---
Program {
    items: [
        Struct(
            StructDecl {
                name: Spanned {
                    node: "Inner",
                    span: 7..12,
                },
                fields: [
                    StructField {
                        name: Spanned {
                            node: "v",
                            span: 15..16,
                        },
                        ty: Spanned {
                            node: Int,
                            span: 18..21,
                        },
                        default: None,
                        span: 15..22,
                    },
                ],
                span: 0..25,
            },
        ),
        Struct(
            StructDecl {
                name: Spanned {
                    node: "Outer",
                    span: 32..37,
                },
                fields: [
                    StructField {
                        name: Spanned {
                            node: "inner",
                            span: 40..45,
                        },
                        ty: Spanned {
                            node: Struct {
                                name: "Inner",
                                fields: [
                                    (
                                        "v",
                                        Int,
                                    ),
                                ],
                            },
                            span: 47..52,
                        },
                        default: None,
                        span: 40..53,
                    },
                ],
                span: 25..56,
            },
        ),
        Val(
            ValDecl {
                name: Spanned {
                    node: "o",
                    span: 60..61,
                },
                ty: Some(
                    Spanned {
                        node: Struct {
                            name: "Outer",
                            fields: [
                                (
                                    "inner",
                                    Struct {
                                        name: "Inner",
                                        fields: [
                                            (
                                                "v",
                                                Int,
                                            ),
                                        ],
                                    },
                                ),
                            ],
                        },
                        span: 63..68,
                    },
                ),
                value: Spanned {
                    node: Call {
                        callee: Spanned {
                            node: "Outer",
                            span: 71..76,
                        },
                        args: [
                            CallArg {
                                name: None,
                                value: Spanned {
                                    node: Call {
                                        callee: Spanned {
                                            node: "Inner",
                                            span: 77..82,
                                        },
                                        args: [
                                            CallArg {
                                                name: None,
                                                value: Spanned {
                                                    node: Literal(
                                                        Int(
                                                            7,
                                                        ),
                                                    ),
                                                    span: 83..84,
                                                },
                                                span: 83..84,
                                            },
                                        ],
                                    },
                                    span: 77..85,
                                },
                                span: 77..85,
                            },
                        ],
                    },
                    span: 71..88,
                },
                span: 56..88,
            },
        ),
        Val(
            ValDecl {
                name: Spanned {
                    node: "n",
                    span: 92..93,
                },
                ty: Some(
                    Spanned {
                        node: Int,
                        span: 95..98,
                    },
                ),
                value: Spanned {
                    node: Field {
                        receiver: Spanned {
                            node: Field {
                                receiver: Spanned {
                                    node: Var(
                                        "o",
                                    ),
                                    span: 101..102,
                                },
                                field: Spanned {
                                    node: "inner",
                                    span: 103..108,
                                },
                            },
                            span: 101..108,
                        },
                        field: Spanned {
                            node: "v",
                            span: 109..110,
                        },
                    },
                    span: 101..110,
                },
                span: 88..110,
            },
        ),
    ],
}
