---
source: crates/keron-lang/tests/harness/mod.rs
---
Program {
    items: [
        Val(
            ValDecl {
                name: Spanned {
                    node: "maybe_name",
                    span: 4..14,
                },
                ty: Some(
                    Spanned {
                        node: Nullable(
                            String,
                        ),
                        span: 16..24,
                    },
                ),
                value: Spanned {
                    node: Literal(
                        Null,
                    ),
                    span: 26..30,
                },
                span: 0..32,
            },
        ),
        Val(
            ValDecl {
                name: Spanned {
                    node: "is_set",
                    span: 36..42,
                },
                ty: Some(
                    Spanned {
                        node: Boolean,
                        span: 44..51,
                    },
                ),
                value: Spanned {
                    node: Binary {
                        op: Eq,
                        lhs: Spanned {
                            node: Var(
                                "maybe_name",
                            ),
                            span: 54..64,
                        },
                        rhs: Spanned {
                            node: Literal(
                                Null,
                            ),
                            span: 68..72,
                        },
                    },
                    span: 54..72,
                },
                span: 32..74,
            },
        ),
        Val(
            ValDecl {
                name: Spanned {
                    node: "also_set",
                    span: 78..86,
                },
                ty: Some(
                    Spanned {
                        node: Boolean,
                        span: 88..95,
                    },
                ),
                value: Spanned {
                    node: Binary {
                        op: Neq,
                        lhs: Spanned {
                            node: Literal(
                                Null,
                            ),
                            span: 98..102,
                        },
                        rhs: Spanned {
                            node: Var(
                                "maybe_name",
                            ),
                            span: 106..116,
                        },
                    },
                    span: 98..116,
                },
                span: 74..117,
            },
        ),
    ],
}
