---
source: crates/keron-lang/tests/harness/mod.rs
---
Program {
    items: [
        Val(
            ValDecl {
                name: Spanned {
                    node: "ripgrep",
                    span: 240..247,
                },
                ty: Some(
                    Spanned {
                        node: Package,
                        span: 249..256,
                    },
                ),
                value: Spanned {
                    node: Call {
                        callee: Spanned {
                            node: "brew",
                            span: 259..263,
                        },
                        args: [
                            CallArg {
                                name: None,
                                value: Spanned {
                                    node: Literal(
                                        String(
                                            "ripgrep",
                                        ),
                                    ),
                                    span: 264..273,
                                },
                                span: 264..273,
                            },
                        ],
                    },
                    span: 259..276,
                },
                span: 236..276,
            },
        ),
        Val(
            ValDecl {
                name: Spanned {
                    node: "starship",
                    span: 280..288,
                },
                ty: Some(
                    Spanned {
                        node: Package,
                        span: 290..297,
                    },
                ),
                value: Spanned {
                    node: Call {
                        callee: Spanned {
                            node: "brew",
                            span: 300..304,
                        },
                        args: [
                            CallArg {
                                name: None,
                                value: Spanned {
                                    node: Literal(
                                        String(
                                            "starship",
                                        ),
                                    ),
                                    span: 305..315,
                                },
                                span: 305..315,
                            },
                        ],
                    },
                    span: 300..318,
                },
                span: 276..318,
            },
        ),
        Val(
            ValDecl {
                name: Spanned {
                    node: "just_bin",
                    span: 322..330,
                },
                ty: Some(
                    Spanned {
                        node: Package,
                        span: 332..339,
                    },
                ),
                value: Spanned {
                    node: Call {
                        callee: Spanned {
                            node: "cargo",
                            span: 342..347,
                        },
                        args: [
                            CallArg {
                                name: None,
                                value: Spanned {
                                    node: Literal(
                                        String(
                                            "just",
                                        ),
                                    ),
                                    span: 348..354,
                                },
                                span: 348..354,
                            },
                        ],
                    },
                    span: 342..357,
                },
                span: 318..357,
            },
        ),
        Val(
            ValDecl {
                name: Spanned {
                    node: "pwsh",
                    span: 361..365,
                },
                ty: Some(
                    Spanned {
                        node: Package,
                        span: 367..374,
                    },
                ),
                value: Spanned {
                    node: Call {
                        callee: Spanned {
                            node: "winget",
                            span: 377..383,
                        },
                        args: [
                            CallArg {
                                name: None,
                                value: Spanned {
                                    node: Literal(
                                        String(
                                            "Microsoft.PowerShell",
                                        ),
                                    ),
                                    span: 384..406,
                                },
                                span: 384..406,
                            },
                        ],
                    },
                    span: 377..535,
                },
                span: 357..535,
            },
        ),
        Val(
            ValDecl {
                name: Spanned {
                    node: "any_pkg",
                    span: 539..546,
                },
                ty: Some(
                    Spanned {
                        node: Resource,
                        span: 548..556,
                    },
                ),
                value: Spanned {
                    node: Var(
                        "ripgrep",
                    ),
                    span: 559..566,
                },
                span: 535..589,
            },
        ),
        Val(
            ValDecl {
                name: Spanned {
                    node: "brew_tools",
                    span: 593..603,
                },
                ty: Some(
                    Spanned {
                        node: List(
                            Package,
                        ),
                        span: 605..619,
                    },
                ),
                value: Spanned {
                    node: List(
                        [
                            Spanned {
                                node: Var(
                                    "ripgrep",
                                ),
                                span: 622..629,
                            },
                            Spanned {
                                node: Var(
                                    "starship",
                                ),
                                span: 631..639,
                            },
                        ],
                    ),
                    span: 621..751,
                },
                span: 589..751,
            },
        ),
        Val(
            ValDecl {
                name: Spanned {
                    node: "mixed",
                    span: 755..760,
                },
                ty: Some(
                    Spanned {
                        node: List(
                            Resource,
                        ),
                        span: 762..777,
                    },
                ),
                value: Spanned {
                    node: List(
                        [
                            Spanned {
                                node: Call {
                                    callee: Spanned {
                                        node: "brew",
                                        span: 783..787,
                                    },
                                    args: [
                                        CallArg {
                                            name: None,
                                            value: Spanned {
                                                node: Literal(
                                                    String(
                                                        "fzf",
                                                    ),
                                                ),
                                                span: 788..793,
                                            },
                                            span: 788..793,
                                        },
                                    ],
                                },
                                span: 783..794,
                            },
                            Spanned {
                                node: Call {
                                    callee: Spanned {
                                        node: "symlink",
                                        span: 798..805,
                                    },
                                    args: [
                                        CallArg {
                                            name: Some(
                                                Spanned {
                                                    node: "source",
                                                    span: 806..812,
                                                },
                                            ),
                                            value: Spanned {
                                                node: Literal(
                                                    String(
                                                        "~/.zshrc",
                                                    ),
                                                ),
                                                span: 815..825,
                                            },
                                            span: 806..825,
                                        },
                                        CallArg {
                                            name: Some(
                                                Spanned {
                                                    node: "target",
                                                    span: 827..833,
                                                },
                                            ),
                                            value: Spanned {
                                                node: Literal(
                                                    String(
                                                        "~/dotfiles/.zshrc",
                                                    ),
                                                ),
                                                span: 836..855,
                                            },
                                            span: 827..855,
                                        },
                                    ],
                                },
                                span: 798..856,
                            },
                            Spanned {
                                node: Call {
                                    callee: Spanned {
                                        node: "cargo",
                                        span: 860..865,
                                    },
                                    args: [
                                        CallArg {
                                            name: None,
                                            value: Spanned {
                                                node: Literal(
                                                    String(
                                                        "ripgrep",
                                                    ),
                                                ),
                                                span: 866..875,
                                            },
                                            span: 866..875,
                                        },
                                    ],
                                },
                                span: 860..876,
                            },
                        ],
                    ),
                    span: 779..945,
                },
                span: 751..945,
            },
        ),
        Val(
            ValDecl {
                name: Spanned {
                    node: "together",
                    span: 949..957,
                },
                ty: Some(
                    Spanned {
                        node: List(
                            Resource,
                        ),
                        span: 959..974,
                    },
                ),
                value: Spanned {
                    node: Binary {
                        op: Concat,
                        lhs: Spanned {
                            node: Var(
                                "brew_tools",
                            ),
                            span: 976..986,
                        },
                        rhs: Spanned {
                            node: List(
                                [
                                    Spanned {
                                        node: Call {
                                            callee: Spanned {
                                                node: "symlink",
                                                span: 991..998,
                                            },
                                            args: [
                                                CallArg {
                                                    name: Some(
                                                        Spanned {
                                                            node: "source",
                                                            span: 999..1005,
                                                        },
                                                    ),
                                                    value: Spanned {
                                                        node: Literal(
                                                            String(
                                                                "b",
                                                            ),
                                                        ),
                                                        span: 1008..1011,
                                                    },
                                                    span: 999..1011,
                                                },
                                                CallArg {
                                                    name: Some(
                                                        Spanned {
                                                            node: "target",
                                                            span: 1013..1019,
                                                        },
                                                    ),
                                                    value: Spanned {
                                                        node: Literal(
                                                            String(
                                                                "a",
                                                            ),
                                                        ),
                                                        span: 1022..1025,
                                                    },
                                                    span: 1013..1025,
                                                },
                                            ],
                                        },
                                        span: 991..1026,
                                    },
                                ],
                            ),
                            span: 990..1082,
                        },
                    },
                    span: 976..1082,
                },
                span: 945..1082,
            },
        ),
        Reconcile(
            ReconcileDecl {
                chains: [
                    [
                        Spanned {
                            node: Var(
                                "ripgrep",
                            ),
                            span: 1092..1099,
                        },
                    ],
                ],
                span: 1082..1101,
            },
        ),
        Reconcile(
            ReconcileDecl {
                chains: [
                    [
                        Spanned {
                            node: Var(
                                "just_bin",
                            ),
                            span: 1111..1119,
                        },
                        Spanned {
                            node: Var(
                                "pwsh",
                            ),
                            span: 1123..1127,
                        },
                    ],
                ],
                span: 1101..1129,
            },
        ),
        Reconcile(
            ReconcileDecl {
                chains: [
                    [
                        Spanned {
                            node: Var(
                                "starship",
                            ),
                            span: 1143..1151,
                        },
                    ],
                    [
                        Spanned {
                            node: Var(
                                "brew_tools",
                            ),
                            span: 1155..1165,
                        },
                    ],
                    [
                        Spanned {
                            node: Var(
                                "mixed",
                            ),
                            span: 1169..1174,
                        },
                    ],
                ],
                span: 1129..1244,
            },
        ),
        ExprStmt(
            Spanned {
                node: For {
                    pattern: Elem(
                        Spanned {
                            node: "p",
                            span: 1248..1249,
                        },
                    ),
                    iter_expr: Spanned {
                        node: Var(
                            "brew_tools",
                        ),
                        span: 1253..1263,
                    },
                    body: Block {
                        stmts: [
                            Reconcile(
                                ReconcileDecl {
                                    chains: [
                                        [
                                            Spanned {
                                                node: Var(
                                                    "p",
                                                ),
                                                span: 1278..1279,
                                            },
                                        ],
                                    ],
                                    span: 1268..1280,
                                },
                            ),
                        ],
                        trailing: None,
                        span: 1264..1282,
                    },
                },
                span: 1244..1282,
            },
        ),
    ],
}
