---
source: crates/keron-lang/tests/harness/mod.rs
---
Program {
    items: [
        Val(
            ValDecl {
                name: Spanned {
                    node: "zshrc",
                    span: 4..9,
                },
                ty: Some(
                    Spanned {
                        node: Symlink,
                        span: 11..18,
                    },
                ),
                value: Spanned {
                    node: Call {
                        callee: Spanned {
                            node: "symlink",
                            span: 21..28,
                        },
                        args: [
                            CallArg {
                                name: Some(
                                    Spanned {
                                        node: "from",
                                        span: 29..33,
                                    },
                                ),
                                value: Spanned {
                                    node: Literal(
                                        String(
                                            "~/df/zshrc",
                                        ),
                                    ),
                                    span: 36..48,
                                },
                                span: 29..48,
                            },
                            CallArg {
                                name: Some(
                                    Spanned {
                                        node: "to",
                                        span: 50..52,
                                    },
                                ),
                                value: Spanned {
                                    node: Literal(
                                        String(
                                            "~/.zshrc",
                                        ),
                                    ),
                                    span: 55..65,
                                },
                                span: 50..65,
                            },
                        ],
                    },
                    span: 21..67,
                },
                span: 0..67,
            },
        ),
        Val(
            ValDecl {
                name: Spanned {
                    node: "gitcfg",
                    span: 71..77,
                },
                ty: Some(
                    Spanned {
                        node: File,
                        span: 79..83,
                    },
                ),
                value: Spanned {
                    node: Call {
                        callee: Spanned {
                            node: "file",
                            span: 86..90,
                        },
                        args: [
                            CallArg {
                                name: Some(
                                    Spanned {
                                        node: "path",
                                        span: 91..95,
                                    },
                                ),
                                value: Spanned {
                                    node: Literal(
                                        String(
                                            "~/.gitconfig",
                                        ),
                                    ),
                                    span: 98..112,
                                },
                                span: 91..112,
                            },
                            CallArg {
                                name: Some(
                                    Spanned {
                                        node: "content",
                                        span: 114..121,
                                    },
                                ),
                                value: Spanned {
                                    node: Literal(
                                        String(
                                            "[user]",
                                        ),
                                    ),
                                    span: 124..132,
                                },
                                span: 114..132,
                            },
                        ],
                    },
                    span: 86..134,
                },
                span: 67..134,
            },
        ),
        Val(
            ValDecl {
                name: Spanned {
                    node: "xdgcfg",
                    span: 138..144,
                },
                ty: Some(
                    Spanned {
                        node: Directory,
                        span: 146..155,
                    },
                ),
                value: Spanned {
                    node: Call {
                        callee: Spanned {
                            node: "directory",
                            span: 158..167,
                        },
                        args: [
                            CallArg {
                                name: Some(
                                    Spanned {
                                        node: "path",
                                        span: 168..172,
                                    },
                                ),
                                value: Spanned {
                                    node: Literal(
                                        String(
                                            "~/.config",
                                        ),
                                    ),
                                    span: 175..186,
                                },
                                span: 168..186,
                            },
                        ],
                    },
                    span: 158..189,
                },
                span: 134..189,
            },
        ),
        Reconcile(
            ReconcileDecl {
                chains: [
                    [
                        Spanned {
                            node: Var(
                                "zshrc",
                            ),
                            span: 199..204,
                        },
                    ],
                ],
                span: 189..205,
            },
        ),
        Reconcile(
            ReconcileDecl {
                chains: [
                    [
                        Spanned {
                            node: Var(
                                "gitcfg",
                            ),
                            span: 215..221,
                        },
                    ],
                ],
                span: 205..222,
            },
        ),
        Reconcile(
            ReconcileDecl {
                chains: [
                    [
                        Spanned {
                            node: Var(
                                "xdgcfg",
                            ),
                            span: 232..238,
                        },
                    ],
                ],
                span: 222..240,
            },
        ),
        Reconcile(
            ReconcileDecl {
                chains: [
                    [
                        Spanned {
                            node: List(
                                [
                                    Spanned {
                                        node: Call {
                                            callee: Spanned {
                                                node: "symlink",
                                                span: 254..261,
                                            },
                                            args: [
                                                CallArg {
                                                    name: Some(
                                                        Spanned {
                                                            node: "from",
                                                            span: 262..266,
                                                        },
                                                    ),
                                                    value: Spanned {
                                                        node: Literal(
                                                            String(
                                                                "~/df/vimrc",
                                                            ),
                                                        ),
                                                        span: 269..281,
                                                    },
                                                    span: 262..281,
                                                },
                                                CallArg {
                                                    name: Some(
                                                        Spanned {
                                                            node: "to",
                                                            span: 283..285,
                                                        },
                                                    ),
                                                    value: Spanned {
                                                        node: Literal(
                                                            String(
                                                                "~/.vimrc",
                                                            ),
                                                        ),
                                                        span: 288..298,
                                                    },
                                                    span: 283..298,
                                                },
                                            ],
                                        },
                                        span: 254..299,
                                    },
                                    Spanned {
                                        node: Call {
                                            callee: Spanned {
                                                node: "symlink",
                                                span: 303..310,
                                            },
                                            args: [
                                                CallArg {
                                                    name: Some(
                                                        Spanned {
                                                            node: "from",
                                                            span: 311..315,
                                                        },
                                                    ),
                                                    value: Spanned {
                                                        node: Literal(
                                                            String(
                                                                "~/df/tmux.conf",
                                                            ),
                                                        ),
                                                        span: 318..334,
                                                    },
                                                    span: 311..334,
                                                },
                                                CallArg {
                                                    name: Some(
                                                        Spanned {
                                                            node: "to",
                                                            span: 336..338,
                                                        },
                                                    ),
                                                    value: Spanned {
                                                        node: Literal(
                                                            String(
                                                                "~/.tmux.conf",
                                                            ),
                                                        ),
                                                        span: 341..355,
                                                    },
                                                    span: 336..355,
                                                },
                                            ],
                                        },
                                        span: 303..356,
                                    },
                                ],
                            ),
                            span: 250..360,
                        },
                    ],
                ],
                span: 240..360,
            },
        ),
    ],
}
