---
source: crates/keron-lang/tests/harness/mod.rs
---
Program {
    items: [
        Val(
            ValDecl {
                name: Spanned {
                    node: "zshrc",
                    span: 4..9,
                },
                ty: Some(
                    Spanned {
                        node: Symlink,
                        span: 11..18,
                    },
                ),
                value: Spanned {
                    node: Call {
                        callee: Spanned {
                            node: "symlink",
                            span: 21..28,
                        },
                        args: [
                            CallArg {
                                name: Some(
                                    Spanned {
                                        node: "source",
                                        span: 29..35,
                                    },
                                ),
                                value: Spanned {
                                    node: Literal(
                                        String(
                                            "~/.zshrc",
                                        ),
                                    ),
                                    span: 38..48,
                                },
                                span: 29..48,
                            },
                            CallArg {
                                name: Some(
                                    Spanned {
                                        node: "target",
                                        span: 50..56,
                                    },
                                ),
                                value: Spanned {
                                    node: Literal(
                                        String(
                                            "~/df/zshrc",
                                        ),
                                    ),
                                    span: 59..71,
                                },
                                span: 50..71,
                            },
                        ],
                    },
                    span: 21..74,
                },
                span: 0..74,
            },
        ),
        Val(
            ValDecl {
                name: Spanned {
                    node: "gitcfg",
                    span: 78..84,
                },
                ty: Some(
                    Spanned {
                        node: Template,
                        span: 86..94,
                    },
                ),
                value: Spanned {
                    node: Call {
                        callee: Spanned {
                            node: "template",
                            span: 97..105,
                        },
                        args: [
                            CallArg {
                                name: Some(
                                    Spanned {
                                        node: "source",
                                        span: 109..115,
                                    },
                                ),
                                value: Spanned {
                                    node: Literal(
                                        String(
                                            "tmpl.tpl",
                                        ),
                                    ),
                                    span: 118..128,
                                },
                                span: 109..128,
                            },
                            CallArg {
                                name: Some(
                                    Spanned {
                                        node: "target",
                                        span: 132..138,
                                    },
                                ),
                                value: Spanned {
                                    node: Literal(
                                        String(
                                            "~/.gitconfig",
                                        ),
                                    ),
                                    span: 141..155,
                                },
                                span: 132..155,
                            },
                            CallArg {
                                name: Some(
                                    Spanned {
                                        node: "vars",
                                        span: 159..163,
                                    },
                                ),
                                value: Spanned {
                                    node: Map(
                                        [
                                            MapEntry {
                                                key: Spanned {
                                                    node: Literal(
                                                        String(
                                                            "body",
                                                        ),
                                                    ),
                                                    span: 167..173,
                                                },
                                                value: Spanned {
                                                    node: Literal(
                                                        String(
                                                            "[user]",
                                                        ),
                                                    ),
                                                    span: 175..183,
                                                },
                                                span: 167..183,
                                            },
                                        ],
                                    ),
                                    span: 166..184,
                                },
                                span: 159..184,
                            },
                        ],
                    },
                    span: 97..189,
                },
                span: 74..189,
            },
        ),
        Reconcile(
            ReconcileDecl {
                chains: [
                    [
                        Spanned {
                            node: Var(
                                "zshrc",
                            ),
                            span: 199..204,
                        },
                    ],
                ],
                span: 189..206,
            },
        ),
        Reconcile(
            ReconcileDecl {
                chains: [
                    [
                        Spanned {
                            node: Var(
                                "gitcfg",
                            ),
                            span: 216..222,
                        },
                    ],
                ],
                span: 206..224,
            },
        ),
        Reconcile(
            ReconcileDecl {
                chains: [
                    [
                        Spanned {
                            node: List(
                                [
                                    Spanned {
                                        node: Call {
                                            callee: Spanned {
                                                node: "symlink",
                                                span: 238..245,
                                            },
                                            args: [
                                                CallArg {
                                                    name: Some(
                                                        Spanned {
                                                            node: "source",
                                                            span: 246..252,
                                                        },
                                                    ),
                                                    value: Spanned {
                                                        node: Literal(
                                                            String(
                                                                "~/.vimrc",
                                                            ),
                                                        ),
                                                        span: 255..265,
                                                    },
                                                    span: 246..265,
                                                },
                                                CallArg {
                                                    name: Some(
                                                        Spanned {
                                                            node: "target",
                                                            span: 267..273,
                                                        },
                                                    ),
                                                    value: Spanned {
                                                        node: Literal(
                                                            String(
                                                                "~/df/vimrc",
                                                            ),
                                                        ),
                                                        span: 276..288,
                                                    },
                                                    span: 267..288,
                                                },
                                            ],
                                        },
                                        span: 238..289,
                                    },
                                    Spanned {
                                        node: Call {
                                            callee: Spanned {
                                                node: "symlink",
                                                span: 293..300,
                                            },
                                            args: [
                                                CallArg {
                                                    name: Some(
                                                        Spanned {
                                                            node: "source",
                                                            span: 301..307,
                                                        },
                                                    ),
                                                    value: Spanned {
                                                        node: Literal(
                                                            String(
                                                                "~/.tmux.conf",
                                                            ),
                                                        ),
                                                        span: 310..324,
                                                    },
                                                    span: 301..324,
                                                },
                                                CallArg {
                                                    name: Some(
                                                        Spanned {
                                                            node: "target",
                                                            span: 326..332,
                                                        },
                                                    ),
                                                    value: Spanned {
                                                        node: Literal(
                                                            String(
                                                                "~/df/tmux.conf",
                                                            ),
                                                        ),
                                                        span: 335..351,
                                                    },
                                                    span: 326..351,
                                                },
                                            ],
                                        },
                                        span: 293..352,
                                    },
                                ],
                            ),
                            span: 234..356,
                        },
                    ],
                ],
                span: 224..356,
            },
        ),
    ],
}
