---
source: crates/keron-lang/tests/harness/mod.rs
---
Program {
    items: [
        Use(
            UseDecl {
                source: Spanned {
                    node: "std:fs",
                    span: 5..13,
                },
                names: [
                    Spanned {
                        node: "symlink",
                        span: 18..25,
                    },
                ],
                span: 0..25,
            },
        ),
        Fn(
            FnDecl {
                name: Spanned {
                    node: "link",
                    span: 226..230,
                },
                params: [
                    Param {
                        name: Spanned {
                            node: "name",
                            span: 231..235,
                        },
                        ty: Spanned {
                            node: String,
                            span: 237..243,
                        },
                        default: None,
                        span: 231..243,
                    },
                ],
                return_type: Spanned {
                    node: Symlink,
                    span: 246..253,
                },
                body: Block {
                    stmts: [],
                    trailing: Some(
                        Spanned {
                            node: Call {
                                callee: Spanned {
                                    node: "symlink",
                                    span: 258..265,
                                },
                                args: [
                                    CallArg {
                                        name: Some(
                                            Spanned {
                                                node: "from",
                                                span: 266..270,
                                            },
                                        ),
                                        value: Spanned {
                                            node: Interpolation(
                                                [
                                                    Text(
                                                        "~/dotfiles/",
                                                    ),
                                                    Expr(
                                                        Spanned {
                                                            node: Var(
                                                                "name",
                                                            ),
                                                            span: 287..291,
                                                        },
                                                    ),
                                                ],
                                            ),
                                            span: 273..293,
                                        },
                                        span: 266..293,
                                    },
                                    CallArg {
                                        name: Some(
                                            Spanned {
                                                node: "to",
                                                span: 295..297,
                                            },
                                        ),
                                        value: Spanned {
                                            node: Interpolation(
                                                [
                                                    Text(
                                                        "~/.",
                                                    ),
                                                    Expr(
                                                        Spanned {
                                                            node: Var(
                                                                "name",
                                                            ),
                                                            span: 306..310,
                                                        },
                                                    ),
                                                ],
                                            ),
                                            span: 300..312,
                                        },
                                        span: 295..312,
                                    },
                                ],
                            },
                            span: 258..314,
                        },
                    ),
                    span: 254..317,
                },
                span: 223..317,
                intrinsic: None,
            },
        ),
        Val(
            ValDecl {
                name: Spanned {
                    node: "configs",
                    span: 321..328,
                },
                ty: Some(
                    Spanned {
                        node: List(
                            Symlink,
                        ),
                        span: 330..344,
                    },
                ),
                value: Spanned {
                    node: List(
                        [
                            Spanned {
                                node: Call {
                                    callee: Spanned {
                                        node: "link",
                                        span: 350..354,
                                    },
                                    args: [
                                        CallArg {
                                            name: None,
                                            value: Spanned {
                                                node: Literal(
                                                    String(
                                                        "zshrc",
                                                    ),
                                                ),
                                                span: 355..362,
                                            },
                                            span: 355..362,
                                        },
                                    ],
                                },
                                span: 350..363,
                            },
                            Spanned {
                                node: Call {
                                    callee: Spanned {
                                        node: "link",
                                        span: 367..371,
                                    },
                                    args: [
                                        CallArg {
                                            name: None,
                                            value: Spanned {
                                                node: Literal(
                                                    String(
                                                        "vimrc",
                                                    ),
                                                ),
                                                span: 372..379,
                                            },
                                            span: 372..379,
                                        },
                                    ],
                                },
                                span: 367..380,
                            },
                            Spanned {
                                node: Call {
                                    callee: Spanned {
                                        node: "link",
                                        span: 384..388,
                                    },
                                    args: [
                                        CallArg {
                                            name: None,
                                            value: Spanned {
                                                node: Literal(
                                                    String(
                                                        "tmux.conf",
                                                    ),
                                                ),
                                                span: 389..400,
                                            },
                                            span: 389..400,
                                        },
                                    ],
                                },
                                span: 384..401,
                            },
                        ],
                    ),
                    span: 346..406,
                },
                span: 317..406,
            },
        ),
        Reconcile(
            ReconcileDecl {
                chains: [
                    [
                        Spanned {
                            node: Var(
                                "configs",
                            ),
                            span: 416..423,
                        },
                    ],
                ],
                span: 406..423,
            },
        ),
    ],
}
