---
source: crates/keron-lang/tests/harness/mod.rs
---
Program {
    items: [
        Use(
            UseDecl {
                source: Spanned {
                    node: "std:fs",
                    span: 5..13,
                },
                names: [
                    Spanned {
                        node: "symlink",
                        span: 18..25,
                    },
                    Spanned {
                        node: "file",
                        span: 27..31,
                    },
                    Spanned {
                        node: "directory",
                        span: 33..42,
                    },
                ],
                span: 0..42,
            },
        ),
        Val(
            ValDecl {
                name: Spanned {
                    node: "rs",
                    span: 48..50,
                },
                ty: Some(
                    Spanned {
                        node: List(
                            Resource,
                        ),
                        span: 52..67,
                    },
                ),
                value: Spanned {
                    node: List(
                        [
                            Spanned {
                                node: Call {
                                    callee: Spanned {
                                        node: "symlink",
                                        span: 73..80,
                                    },
                                    args: [
                                        CallArg {
                                            name: Some(
                                                Spanned {
                                                    node: "from",
                                                    span: 81..85,
                                                },
                                            ),
                                            value: Spanned {
                                                node: Literal(
                                                    String(
                                                        "df/zsh",
                                                    ),
                                                ),
                                                span: 88..96,
                                            },
                                            span: 81..96,
                                        },
                                        CallArg {
                                            name: Some(
                                                Spanned {
                                                    node: "to",
                                                    span: 98..100,
                                                },
                                            ),
                                            value: Spanned {
                                                node: Literal(
                                                    String(
                                                        "~/.zshrc",
                                                    ),
                                                ),
                                                span: 103..113,
                                            },
                                            span: 98..113,
                                        },
                                    ],
                                },
                                span: 73..114,
                            },
                            Spanned {
                                node: Call {
                                    callee: Spanned {
                                        node: "file",
                                        span: 118..122,
                                    },
                                    args: [
                                        CallArg {
                                            name: Some(
                                                Spanned {
                                                    node: "path",
                                                    span: 123..127,
                                                },
                                            ),
                                            value: Spanned {
                                                node: Literal(
                                                    String(
                                                        "/etc/motd",
                                                    ),
                                                ),
                                                span: 130..141,
                                            },
                                            span: 123..141,
                                        },
                                        CallArg {
                                            name: Some(
                                                Spanned {
                                                    node: "content",
                                                    span: 143..150,
                                                },
                                            ),
                                            value: Spanned {
                                                node: Literal(
                                                    String(
                                                        "welcome",
                                                    ),
                                                ),
                                                span: 153..162,
                                            },
                                            span: 143..162,
                                        },
                                    ],
                                },
                                span: 118..163,
                            },
                            Spanned {
                                node: Call {
                                    callee: Spanned {
                                        node: "directory",
                                        span: 167..176,
                                    },
                                    args: [
                                        CallArg {
                                            name: Some(
                                                Spanned {
                                                    node: "path",
                                                    span: 177..181,
                                                },
                                            ),
                                            value: Spanned {
                                                node: Literal(
                                                    String(
                                                        "~/data",
                                                    ),
                                                ),
                                                span: 184..192,
                                            },
                                            span: 177..192,
                                        },
                                    ],
                                },
                                span: 167..193,
                            },
                        ],
                    ),
                    span: 69..198,
                },
                span: 44..198,
            },
        ),
        ExprStmt(
            Spanned {
                node: For {
                    pattern: Elem(
                        Spanned {
                            node: "r",
                            span: 202..203,
                        },
                    ),
                    iter_expr: Spanned {
                        node: Var(
                            "rs",
                        ),
                        span: 207..209,
                    },
                    body: Block {
                        stmts: [
                            Reconcile(
                                ReconcileDecl {
                                    chains: [
                                        [
                                            Spanned {
                                                node: Var(
                                                    "r",
                                                ),
                                                span: 224..225,
                                            },
                                        ],
                                    ],
                                    span: 214..226,
                                },
                            ),
                        ],
                        trailing: None,
                        span: 210..227,
                    },
                },
                span: 198..227,
            },
        ),
    ],
}
