---
source: crates/keron-lang/tests/harness/mod.rs
---
Program {
    items: [
        Val(
            ValDecl {
                name: Spanned {
                    node: "zshrc",
                    span: 4..9,
                },
                ty: Some(
                    Spanned {
                        node: Symlink,
                        span: 11..18,
                    },
                ),
                value: Spanned {
                    node: Call {
                        callee: Spanned {
                            node: "symlink",
                            span: 21..28,
                        },
                        args: [
                            CallArg {
                                name: Some(
                                    Spanned {
                                        node: "source",
                                        span: 29..35,
                                    },
                                ),
                                value: Spanned {
                                    node: Literal(
                                        String(
                                            "~/.zshrc",
                                        ),
                                    ),
                                    span: 38..48,
                                },
                                span: 29..48,
                            },
                            CallArg {
                                name: Some(
                                    Spanned {
                                        node: "target",
                                        span: 50..56,
                                    },
                                ),
                                value: Spanned {
                                    node: Literal(
                                        String(
                                            "df/zshrc",
                                        ),
                                    ),
                                    span: 59..69,
                                },
                                span: 50..69,
                            },
                        ],
                    },
                    span: 21..72,
                },
                span: 0..72,
            },
        ),
        Val(
            ValDecl {
                name: Spanned {
                    node: "motd",
                    span: 76..80,
                },
                ty: Some(
                    Spanned {
                        node: Template,
                        span: 82..90,
                    },
                ),
                value: Spanned {
                    node: Call {
                        callee: Spanned {
                            node: "template",
                            span: 93..101,
                        },
                        args: [
                            CallArg {
                                name: Some(
                                    Spanned {
                                        node: "source",
                                        span: 102..108,
                                    },
                                ),
                                value: Spanned {
                                    node: Literal(
                                        String(
                                            "tmpl.tpl",
                                        ),
                                    ),
                                    span: 111..121,
                                },
                                span: 102..121,
                            },
                            CallArg {
                                name: Some(
                                    Spanned {
                                        node: "target",
                                        span: 123..129,
                                    },
                                ),
                                value: Spanned {
                                    node: Literal(
                                        String(
                                            "/etc/motd",
                                        ),
                                    ),
                                    span: 132..143,
                                },
                                span: 123..143,
                            },
                            CallArg {
                                name: Some(
                                    Spanned {
                                        node: "vars",
                                        span: 145..149,
                                    },
                                ),
                                value: Spanned {
                                    node: Map(
                                        [
                                            MapEntry {
                                                key: Spanned {
                                                    node: Literal(
                                                        String(
                                                            "body",
                                                        ),
                                                    ),
                                                    span: 153..159,
                                                },
                                                value: Spanned {
                                                    node: Literal(
                                                        String(
                                                            "welcome",
                                                        ),
                                                    ),
                                                    span: 161..170,
                                                },
                                                span: 153..170,
                                            },
                                        ],
                                    ),
                                    span: 152..171,
                                },
                                span: 145..171,
                            },
                        ],
                    },
                    span: 93..174,
                },
                span: 72..174,
            },
        ),
        Val(
            ValDecl {
                name: Spanned {
                    node: "mixed",
                    span: 178..183,
                },
                ty: Some(
                    Spanned {
                        node: List(
                            Resource,
                        ),
                        span: 185..200,
                    },
                ),
                value: Spanned {
                    node: List(
                        [
                            Spanned {
                                node: Var(
                                    "zshrc",
                                ),
                                span: 203..208,
                            },
                            Spanned {
                                node: Var(
                                    "motd",
                                ),
                                span: 210..214,
                            },
                        ],
                    ),
                    span: 202..217,
                },
                span: 174..217,
            },
        ),
        Reconcile(
            ReconcileDecl {
                chains: [
                    [
                        Spanned {
                            node: Var(
                                "mixed",
                            ),
                            span: 227..232,
                        },
                    ],
                ],
                span: 217..233,
            },
        ),
    ],
}
