---
source: crates/keron-lang/tests/harness/mod.rs
---
Program {
    items: [
        Val(
            ValDecl {
                name: Spanned {
                    node: "zshrc",
                    span: 5..10,
                },
                ty: Some(
                    Spanned {
                        node: Symlink,
                        span: 12..19,
                    },
                ),
                value: Spanned {
                    node: Call {
                        callee: Spanned {
                            node: "symlink",
                            span: 22..29,
                        },
                        args: [
                            CallArg {
                                name: Some(
                                    Spanned {
                                        node: "from",
                                        span: 30..34,
                                    },
                                ),
                                value: Spanned {
                                    node: Literal(
                                        String(
                                            "df/zshrc",
                                        ),
                                    ),
                                    span: 37..47,
                                },
                                span: 30..47,
                            },
                            CallArg {
                                name: Some(
                                    Spanned {
                                        node: "to",
                                        span: 49..51,
                                    },
                                ),
                                value: Spanned {
                                    node: Literal(
                                        String(
                                            "~/.zshrc",
                                        ),
                                    ),
                                    span: 54..64,
                                },
                                span: 49..64,
                            },
                        ],
                    },
                    span: 22..66,
                },
                span: 1..66,
            },
        ),
        Val(
            ValDecl {
                name: Spanned {
                    node: "motd",
                    span: 70..74,
                },
                ty: Some(
                    Spanned {
                        node: File,
                        span: 76..80,
                    },
                ),
                value: Spanned {
                    node: Call {
                        callee: Spanned {
                            node: "file",
                            span: 83..87,
                        },
                        args: [
                            CallArg {
                                name: Some(
                                    Spanned {
                                        node: "path",
                                        span: 88..92,
                                    },
                                ),
                                value: Spanned {
                                    node: Literal(
                                        String(
                                            "/etc/motd",
                                        ),
                                    ),
                                    span: 95..106,
                                },
                                span: 88..106,
                            },
                            CallArg {
                                name: Some(
                                    Spanned {
                                        node: "content",
                                        span: 108..115,
                                    },
                                ),
                                value: Spanned {
                                    node: Literal(
                                        String(
                                            "welcome",
                                        ),
                                    ),
                                    span: 118..127,
                                },
                                span: 108..127,
                            },
                        ],
                    },
                    span: 83..129,
                },
                span: 66..129,
            },
        ),
        Val(
            ValDecl {
                name: Spanned {
                    node: "data",
                    span: 133..137,
                },
                ty: Some(
                    Spanned {
                        node: Directory,
                        span: 139..148,
                    },
                ),
                value: Spanned {
                    node: Call {
                        callee: Spanned {
                            node: "directory",
                            span: 151..160,
                        },
                        args: [
                            CallArg {
                                name: Some(
                                    Spanned {
                                        node: "path",
                                        span: 161..165,
                                    },
                                ),
                                value: Spanned {
                                    node: Literal(
                                        String(
                                            "~/data",
                                        ),
                                    ),
                                    span: 168..176,
                                },
                                span: 161..176,
                            },
                        ],
                    },
                    span: 151..179,
                },
                span: 129..179,
            },
        ),
        Reconcile(
            ReconcileDecl {
                chains: [
                    [
                        Spanned {
                            node: Var(
                                "data",
                            ),
                            span: 189..193,
                        },
                        Spanned {
                            node: Var(
                                "motd",
                            ),
                            span: 197..201,
                        },
                        Spanned {
                            node: Var(
                                "zshrc",
                            ),
                            span: 205..210,
                        },
                    ],
                ],
                span: 179..211,
            },
        ),
    ],
}
