---
source: crates/keron-lang/tests/harness/mod.rs
---
Program {
    items: [
        Val(
            ValDecl {
                name: Spanned {
                    node: "default_kind",
                    span: 4..16,
                },
                ty: Some(
                    Spanned {
                        node: StringUnion {
                            name: "ShellKind",
                            variants: [
                                "sh",
                                "bash",
                                "zsh",
                                "pwsh",
                                "powershell",
                            ],
                        },
                        span: 18..27,
                    },
                ),
                value: Spanned {
                    node: Literal(
                        String(
                            "sh",
                        ),
                    ),
                    span: 30..34,
                },
                span: 0..36,
            },
        ),
        Val(
            ValDecl {
                name: Spanned {
                    node: "refresh",
                    span: 40..47,
                },
                ty: Some(
                    Spanned {
                        node: Shell,
                        span: 49..54,
                    },
                ),
                value: Spanned {
                    node: Call {
                        callee: Spanned {
                            node: "shell",
                            span: 57..62,
                        },
                        args: [
                            CallArg {
                                name: Some(
                                    Spanned {
                                        node: "kind",
                                        span: 66..70,
                                    },
                                ),
                                value: Spanned {
                                    node: Var(
                                        "default_kind",
                                    ),
                                    span: 73..85,
                                },
                                span: 66..85,
                            },
                            CallArg {
                                name: Some(
                                    Spanned {
                                        node: "name",
                                        span: 89..93,
                                    },
                                ),
                                value: Spanned {
                                    node: Literal(
                                        String(
                                            "refresh-font-cache",
                                        ),
                                    ),
                                    span: 96..116,
                                },
                                span: 89..116,
                            },
                            CallArg {
                                name: Some(
                                    Spanned {
                                        node: "script",
                                        span: 120..126,
                                    },
                                ),
                                value: Spanned {
                                    node: Literal(
                                        String(
                                            "fc-cache -f \"$HOME/.local/share/fonts\"\n",
                                        ),
                                    ),
                                    span: 129..173,
                                },
                                span: 120..173,
                            },
                        ],
                    },
                    span: 57..178,
                },
                span: 36..178,
            },
        ),
        Val(
            ValDecl {
                name: Spanned {
                    node: "any_shell",
                    span: 182..191,
                },
                ty: Some(
                    Spanned {
                        node: Resource,
                        span: 193..201,
                    },
                ),
                value: Spanned {
                    node: Var(
                        "refresh",
                    ),
                    span: 204..211,
                },
                span: 178..213,
            },
        ),
        Val(
            ValDecl {
                name: Spanned {
                    node: "mixed",
                    span: 217..222,
                },
                ty: Some(
                    Spanned {
                        node: List(
                            Resource,
                        ),
                        span: 224..239,
                    },
                ),
                value: Spanned {
                    node: List(
                        [
                            Spanned {
                                node: Var(
                                    "refresh",
                                ),
                                span: 245..252,
                            },
                            Spanned {
                                node: Call {
                                    callee: Spanned {
                                        node: "symlink",
                                        span: 256..263,
                                    },
                                    args: [
                                        CallArg {
                                            name: Some(
                                                Spanned {
                                                    node: "source",
                                                    span: 264..270,
                                                },
                                            ),
                                            value: Spanned {
                                                node: Literal(
                                                    String(
                                                        "~/.zshrc",
                                                    ),
                                                ),
                                                span: 273..283,
                                            },
                                            span: 264..283,
                                        },
                                        CallArg {
                                            name: Some(
                                                Spanned {
                                                    node: "target",
                                                    span: 285..291,
                                                },
                                            ),
                                            value: Spanned {
                                                node: Literal(
                                                    String(
                                                        "~/dotfiles/zshrc",
                                                    ),
                                                ),
                                                span: 294..312,
                                            },
                                            span: 285..312,
                                        },
                                    ],
                                },
                                span: 256..313,
                            },
                            Spanned {
                                node: Call {
                                    callee: Spanned {
                                        node: "template",
                                        span: 317..325,
                                    },
                                    args: [
                                        CallArg {
                                            name: Some(
                                                Spanned {
                                                    node: "source",
                                                    span: 326..332,
                                                },
                                            ),
                                            value: Spanned {
                                                node: Literal(
                                                    String(
                                                        "tmpl.tpl",
                                                    ),
                                                ),
                                                span: 335..345,
                                            },
                                            span: 326..345,
                                        },
                                        CallArg {
                                            name: Some(
                                                Spanned {
                                                    node: "target",
                                                    span: 347..353,
                                                },
                                            ),
                                            value: Spanned {
                                                node: Literal(
                                                    String(
                                                        "~/.config/example",
                                                    ),
                                                ),
                                                span: 356..375,
                                            },
                                            span: 347..375,
                                        },
                                        CallArg {
                                            name: Some(
                                                Spanned {
                                                    node: "vars",
                                                    span: 377..381,
                                                },
                                            ),
                                            value: Spanned {
                                                node: Map(
                                                    [
                                                        MapEntry {
                                                            key: Spanned {
                                                                node: Literal(
                                                                    String(
                                                                        "body",
                                                                    ),
                                                                ),
                                                                span: 385..391,
                                                            },
                                                            value: Spanned {
                                                                node: Literal(
                                                                    String(
                                                                        "ok",
                                                                    ),
                                                                ),
                                                                span: 393..397,
                                                            },
                                                            span: 385..397,
                                                        },
                                                    ],
                                                ),
                                                span: 384..398,
                                            },
                                            span: 377..398,
                                        },
                                    ],
                                },
                                span: 317..399,
                            },
                            Spanned {
                                node: Call {
                                    callee: Spanned {
                                        node: "brew",
                                        span: 403..407,
                                    },
                                    args: [
                                        CallArg {
                                            name: None,
                                            value: Spanned {
                                                node: Literal(
                                                    String(
                                                        "ripgrep",
                                                    ),
                                                ),
                                                span: 408..417,
                                            },
                                            span: 408..417,
                                        },
                                    ],
                                },
                                span: 403..418,
                            },
                        ],
                    ),
                    span: 241..423,
                },
                span: 213..423,
            },
        ),
        Reconcile(
            ReconcileDecl {
                chains: [
                    [
                        Spanned {
                            node: Var(
                                "refresh",
                            ),
                            span: 433..440,
                        },
                        Spanned {
                            node: Var(
                                "any_shell",
                            ),
                            span: 444..453,
                        },
                    ],
                ],
                span: 423..454,
            },
        ),
        Reconcile(
            ReconcileDecl {
                chains: [
                    [
                        Spanned {
                            node: Var(
                                "mixed",
                            ),
                            span: 464..469,
                        },
                    ],
                ],
                span: 454..470,
            },
        ),
    ],
}
