---
source: crates/keron-lang/tests/harness/mod.rs
---
Program {
    items: [
        Struct(
            StructDecl {
                name: Spanned {
                    node: "Point",
                    span: 7..12,
                },
                fields: [
                    StructField {
                        name: Spanned {
                            node: "x",
                            span: 15..16,
                        },
                        ty: Spanned {
                            node: Int,
                            span: 18..21,
                        },
                        default: None,
                        span: 15..21,
                    },
                    StructField {
                        name: Spanned {
                            node: "y",
                            span: 23..24,
                        },
                        ty: Spanned {
                            node: Int,
                            span: 26..29,
                        },
                        default: None,
                        span: 23..30,
                    },
                ],
                span: 0..33,
            },
        ),
        Val(
            ValDecl {
                name: Spanned {
                    node: "origin",
                    span: 37..43,
                },
                ty: Some(
                    Spanned {
                        node: Struct {
                            name: "Point",
                            fields: [
                                (
                                    "x",
                                    Int,
                                ),
                                (
                                    "y",
                                    Int,
                                ),
                            ],
                        },
                        span: 45..50,
                    },
                ),
                value: Spanned {
                    node: Call {
                        callee: Spanned {
                            node: "Point",
                            span: 53..58,
                        },
                        args: [
                            CallArg {
                                name: None,
                                value: Spanned {
                                    node: Literal(
                                        Int(
                                            0,
                                        ),
                                    ),
                                    span: 59..60,
                                },
                                span: 59..60,
                            },
                            CallArg {
                                name: None,
                                value: Spanned {
                                    node: Literal(
                                        Int(
                                            0,
                                        ),
                                    ),
                                    span: 62..63,
                                },
                                span: 62..63,
                            },
                        ],
                    },
                    span: 53..66,
                },
                span: 33..66,
            },
        ),
        Val(
            ValDecl {
                name: Spanned {
                    node: "labeled",
                    span: 70..77,
                },
                ty: Some(
                    Spanned {
                        node: Struct {
                            name: "Point",
                            fields: [
                                (
                                    "x",
                                    Int,
                                ),
                                (
                                    "y",
                                    Int,
                                ),
                            ],
                        },
                        span: 79..84,
                    },
                ),
                value: Spanned {
                    node: Call {
                        callee: Spanned {
                            node: "Point",
                            span: 87..92,
                        },
                        args: [
                            CallArg {
                                name: Some(
                                    Spanned {
                                        node: "x",
                                        span: 93..94,
                                    },
                                ),
                                value: Spanned {
                                    node: Literal(
                                        Int(
                                            3,
                                        ),
                                    ),
                                    span: 97..98,
                                },
                                span: 93..98,
                            },
                            CallArg {
                                name: Some(
                                    Spanned {
                                        node: "y",
                                        span: 100..101,
                                    },
                                ),
                                value: Spanned {
                                    node: Literal(
                                        Int(
                                            4,
                                        ),
                                    ),
                                    span: 104..105,
                                },
                                span: 100..105,
                            },
                        ],
                    },
                    span: 87..108,
                },
                span: 66..108,
            },
        ),
        Val(
            ValDecl {
                name: Spanned {
                    node: "mixed",
                    span: 112..117,
                },
                ty: Some(
                    Spanned {
                        node: Struct {
                            name: "Point",
                            fields: [
                                (
                                    "x",
                                    Int,
                                ),
                                (
                                    "y",
                                    Int,
                                ),
                            ],
                        },
                        span: 119..124,
                    },
                ),
                value: Spanned {
                    node: Call {
                        callee: Spanned {
                            node: "Point",
                            span: 127..132,
                        },
                        args: [
                            CallArg {
                                name: None,
                                value: Spanned {
                                    node: Literal(
                                        Int(
                                            7,
                                        ),
                                    ),
                                    span: 133..134,
                                },
                                span: 133..134,
                            },
                            CallArg {
                                name: Some(
                                    Spanned {
                                        node: "y",
                                        span: 136..137,
                                    },
                                ),
                                value: Spanned {
                                    node: Literal(
                                        Int(
                                            8,
                                        ),
                                    ),
                                    span: 140..141,
                                },
                                span: 136..141,
                            },
                        ],
                    },
                    span: 127..143,
                },
                span: 108..143,
            },
        ),
    ],
}
