---
source: crates/keron-lang/tests/harness/mod.rs
---
Program {
    items: [
        Use(
            UseDecl {
                source: Spanned {
                    node: "std:fs",
                    span: 5..13,
                },
                names: [
                    Spanned {
                        node: "symlink",
                        span: 18..25,
                    },
                    Spanned {
                        node: "Symlink",
                        span: 27..34,
                    },
                ],
                span: 0..34,
            },
        ),
        Val(
            ValDecl {
                name: Spanned {
                    node: "target",
                    span: 40..46,
                },
                ty: Some(
                    Spanned {
                        node: Symlink,
                        span: 48..55,
                    },
                ),
                value: Spanned {
                    node: Call {
                        callee: Spanned {
                            node: "symlink",
                            span: 58..65,
                        },
                        args: [
                            CallArg {
                                name: Some(
                                    Spanned {
                                        node: "from",
                                        span: 66..70,
                                    },
                                ),
                                value: Spanned {
                                    node: Literal(
                                        String(
                                            "a",
                                        ),
                                    ),
                                    span: 73..76,
                                },
                                span: 66..76,
                            },
                            CallArg {
                                name: Some(
                                    Spanned {
                                        node: "to",
                                        span: 78..80,
                                    },
                                ),
                                value: Spanned {
                                    node: Literal(
                                        String(
                                            "b",
                                        ),
                                    ),
                                    span: 83..86,
                                },
                                span: 78..86,
                            },
                        ],
                    },
                    span: 58..89,
                },
                span: 36..89,
            },
        ),
        Fn(
            FnDecl {
                name: Spanned {
                    node: "install",
                    span: 92..99,
                },
                params: [],
                return_type: Spanned {
                    node: Void,
                    span: 103..107,
                },
                body: Block {
                    stmts: [
                        Reconcile(
                            ReconcileDecl {
                                chains: [
                                    [
                                        Spanned {
                                            node: Var(
                                                "target",
                                            ),
                                            span: 122..128,
                                        },
                                    ],
                                ],
                                span: 112..129,
                            },
                        ),
                    ],
                    trailing: None,
                    span: 108..132,
                },
                span: 89..132,
                intrinsic: None,
            },
        ),
        Fn(
            FnDecl {
                name: Spanned {
                    node: "install_if",
                    span: 135..145,
                },
                params: [
                    Param {
                        name: Spanned {
                            node: "flag",
                            span: 146..150,
                        },
                        ty: Spanned {
                            node: Boolean,
                            span: 152..159,
                        },
                        default: None,
                        span: 146..159,
                    },
                ],
                return_type: Spanned {
                    node: Void,
                    span: 162..166,
                },
                body: Block {
                    stmts: [],
                    trailing: Some(
                        Spanned {
                            node: If {
                                cond: Spanned {
                                    node: Var(
                                        "flag",
                                    ),
                                    span: 174..178,
                                },
                                then_branch: Block {
                                    stmts: [
                                        Reconcile(
                                            ReconcileDecl {
                                                chains: [
                                                    [
                                                        Spanned {
                                                            node: Var(
                                                                "target",
                                                            ),
                                                            span: 191..197,
                                                        },
                                                    ],
                                                ],
                                                span: 181..198,
                                            },
                                        ),
                                    ],
                                    trailing: None,
                                    span: 179..200,
                                },
                                else_branch: Block {
                                    stmts: [],
                                    trailing: None,
                                    span: 200..200,
                                },
                            },
                            span: 171..200,
                        },
                    ),
                    span: 167..202,
                },
                span: 132..202,
                intrinsic: None,
            },
        ),
    ],
}
