---
source: crates/keron-lang/tests/harness/mod.rs
---
Program {
    items: [
        Val(
            ValDecl {
                name: Spanned {
                    node: "a",
                    span: 4..5,
                },
                ty: Some(
                    Spanned {
                        node: Boolean,
                        span: 7..14,
                    },
                ),
                value: Spanned {
                    node: Binary {
                        op: Eq,
                        lhs: Spanned {
                            node: Literal(
                                Int(
                                    1,
                                ),
                            ),
                            span: 17..18,
                        },
                        rhs: Spanned {
                            node: Literal(
                                Int(
                                    2,
                                ),
                            ),
                            span: 22..23,
                        },
                    },
                    span: 17..23,
                },
                span: 0..25,
            },
        ),
        Val(
            ValDecl {
                name: Spanned {
                    node: "b",
                    span: 29..30,
                },
                ty: Some(
                    Spanned {
                        node: Boolean,
                        span: 32..39,
                    },
                ),
                value: Spanned {
                    node: Binary {
                        op: Neq,
                        lhs: Spanned {
                            node: Literal(
                                Int(
                                    1,
                                ),
                            ),
                            span: 42..43,
                        },
                        rhs: Spanned {
                            node: Literal(
                                Int(
                                    2,
                                ),
                            ),
                            span: 47..48,
                        },
                    },
                    span: 42..48,
                },
                span: 25..50,
            },
        ),
        Val(
            ValDecl {
                name: Spanned {
                    node: "c",
                    span: 54..55,
                },
                ty: Some(
                    Spanned {
                        node: Boolean,
                        span: 57..64,
                    },
                ),
                value: Spanned {
                    node: Binary {
                        op: Lt,
                        lhs: Spanned {
                            node: Literal(
                                Int(
                                    1,
                                ),
                            ),
                            span: 67..68,
                        },
                        rhs: Spanned {
                            node: Literal(
                                Int(
                                    2,
                                ),
                            ),
                            span: 71..72,
                        },
                    },
                    span: 67..72,
                },
                span: 50..74,
            },
        ),
        Val(
            ValDecl {
                name: Spanned {
                    node: "d",
                    span: 78..79,
                },
                ty: Some(
                    Spanned {
                        node: Boolean,
                        span: 81..88,
                    },
                ),
                value: Spanned {
                    node: Binary {
                        op: Le,
                        lhs: Spanned {
                            node: Literal(
                                Int(
                                    1,
                                ),
                            ),
                            span: 91..92,
                        },
                        rhs: Spanned {
                            node: Literal(
                                Int(
                                    2,
                                ),
                            ),
                            span: 96..97,
                        },
                    },
                    span: 91..97,
                },
                span: 74..99,
            },
        ),
        Val(
            ValDecl {
                name: Spanned {
                    node: "e",
                    span: 103..104,
                },
                ty: Some(
                    Spanned {
                        node: Boolean,
                        span: 106..113,
                    },
                ),
                value: Spanned {
                    node: Binary {
                        op: Gt,
                        lhs: Spanned {
                            node: Literal(
                                Int(
                                    1,
                                ),
                            ),
                            span: 116..117,
                        },
                        rhs: Spanned {
                            node: Literal(
                                Int(
                                    2,
                                ),
                            ),
                            span: 120..121,
                        },
                    },
                    span: 116..121,
                },
                span: 99..123,
            },
        ),
        Val(
            ValDecl {
                name: Spanned {
                    node: "f",
                    span: 127..128,
                },
                ty: Some(
                    Spanned {
                        node: Boolean,
                        span: 130..137,
                    },
                ),
                value: Spanned {
                    node: Binary {
                        op: Ge,
                        lhs: Spanned {
                            node: Literal(
                                Int(
                                    1,
                                ),
                            ),
                            span: 140..141,
                        },
                        rhs: Spanned {
                            node: Literal(
                                Int(
                                    2,
                                ),
                            ),
                            span: 145..146,
                        },
                    },
                    span: 140..146,
                },
                span: 123..147,
            },
        ),
    ],
}
