---
source: crates/keron-lang/tests/harness/mod.rs
---
Program {
    items: [
        Fn(
            FnDecl {
                name: Spanned {
                    node: "area",
                    span: 3..7,
                },
                params: [
                    Param {
                        name: Spanned {
                            node: "w",
                            span: 8..9,
                        },
                        ty: Spanned {
                            node: Int,
                            span: 11..14,
                        },
                        default: None,
                        span: 8..14,
                    },
                    Param {
                        name: Spanned {
                            node: "h",
                            span: 16..17,
                        },
                        ty: Spanned {
                            node: Int,
                            span: 19..22,
                        },
                        default: None,
                        span: 16..22,
                    },
                ],
                return_type: Spanned {
                    node: Int,
                    span: 25..28,
                },
                body: FnBody {
                    bindings: [
                        ValDecl {
                            name: Spanned {
                                node: "base",
                                span: 37..41,
                            },
                            ty: None,
                            value: Spanned {
                                node: Binary {
                                    op: Mul,
                                    lhs: Spanned {
                                        node: Var(
                                            "w",
                                        ),
                                        span: 44..45,
                                    },
                                    rhs: Spanned {
                                        node: Var(
                                            "h",
                                        ),
                                        span: 48..49,
                                    },
                                },
                                span: 44..49,
                            },
                            span: 33..52,
                        },
                        ValDecl {
                            name: Spanned {
                                node: "perim",
                                span: 56..61,
                            },
                            ty: None,
                            value: Spanned {
                                node: Binary {
                                    op: Mul,
                                    lhs: Spanned {
                                        node: Literal(
                                            Int(
                                                2,
                                            ),
                                        ),
                                        span: 64..65,
                                    },
                                    rhs: Spanned {
                                        node: Binary {
                                            op: Add,
                                            lhs: Spanned {
                                                node: Var(
                                                    "w",
                                                ),
                                                span: 69..70,
                                            },
                                            rhs: Spanned {
                                                node: Var(
                                                    "h",
                                                ),
                                                span: 73..74,
                                            },
                                        },
                                        span: 69..74,
                                    },
                                },
                                span: 64..74,
                            },
                            span: 52..78,
                        },
                    ],
                    result: Spanned {
                        node: Binary {
                            op: Add,
                            lhs: Spanned {
                                node: Var(
                                    "base",
                                ),
                                span: 78..82,
                            },
                            rhs: Spanned {
                                node: Var(
                                    "perim",
                                ),
                                span: 85..90,
                            },
                        },
                        span: 78..90,
                    },
                    span: 33..91,
                },
                span: 0..93,
            },
        ),
    ],
}
