---
source: crates/keron-lang/tests/harness/mod.rs
---
Program {
    items: [
        Fn(
            FnDecl {
                name: Spanned {
                    node: "double",
                    span: 3..9,
                },
                params: [
                    Param {
                        name: Spanned {
                            node: "n",
                            span: 10..11,
                        },
                        ty: Spanned {
                            node: Int,
                            span: 13..16,
                        },
                        default: None,
                        span: 10..16,
                    },
                ],
                return_type: Spanned {
                    node: Int,
                    span: 19..22,
                },
                body: Block {
                    stmts: [],
                    trailing: Some(
                        Spanned {
                            node: Binary {
                                op: Mul,
                                lhs: Spanned {
                                    node: Var(
                                        "n",
                                    ),
                                    span: 27..28,
                                },
                                rhs: Spanned {
                                    node: Literal(
                                        Int(
                                            2,
                                        ),
                                    ),
                                    span: 31..32,
                                },
                            },
                            span: 27..32,
                        },
                    ),
                    span: 23..35,
                },
                span: 0..35,
                intrinsic: None,
            },
        ),
    ],
}
