---
source: crates/keron-lang/tests/harness/mod.rs
---
Program {
    items: [
        Val(
            ValDecl {
                name: Spanned {
                    node: "root",
                    span: 4..8,
                },
                ty: Some(
                    Spanned {
                        node: String,
                        span: 10..16,
                    },
                ),
                value: Spanned {
                    node: Call {
                        callee: Spanned {
                            node: "keron_root",
                            span: 19..29,
                        },
                        args: [],
                    },
                    span: 19..33,
                },
                span: 0..33,
            },
        ),
        Val(
            ValDecl {
                name: Spanned {
                    node: "nested",
                    span: 37..43,
                },
                ty: Some(
                    Spanned {
                        node: String,
                        span: 45..51,
                    },
                ),
                value: Spanned {
                    node: Interpolation(
                        [
                            Expr {
                                expr: Spanned {
                                    node: Call {
                                        callee: Spanned {
                                            node: "keron_root",
                                            span: 57..67,
                                        },
                                        args: [],
                                    },
                                    span: 57..69,
                                },
                                indent: None,
                            },
                            Text(
                                "/dotfiles",
                            ),
                        ],
                    ),
                    span: 54..80,
                },
                span: 33..81,
            },
        ),
    ],
}
