---
source: crates/keron-lang/tests/harness/mod.rs
---
Program {
    items: [
        TypeAlias(
            TypeAliasDecl {
                name: Spanned {
                    node: "Color",
                    span: 5..10,
                },
                variants: [
                    Spanned {
                        node: "red",
                        span: 13..18,
                    },
                    Spanned {
                        node: "green",
                        span: 21..28,
                    },
                    Spanned {
                        node: "blue",
                        span: 31..37,
                    },
                ],
                span: 0..39,
            },
        ),
        Fn(
            FnDecl {
                name: Spanned {
                    node: "label",
                    span: 42..47,
                },
                params: [
                    Param {
                        name: Spanned {
                            node: "c",
                            span: 48..49,
                        },
                        ty: Spanned {
                            node: Named(
                                "Color",
                            ),
                            span: 51..56,
                        },
                        default: None,
                        span: 48..56,
                    },
                ],
                return_type: Spanned {
                    node: String,
                    span: 59..65,
                },
                body: Block {
                    stmts: [],
                    trailing: Some(
                        Spanned {
                            node: Match {
                                scrutinee: Spanned {
                                    node: Var(
                                        "c",
                                    ),
                                    span: 76..77,
                                },
                                arms: [
                                    MatchArm {
                                        pattern: Spanned {
                                            node: Lit(
                                                String(
                                                    "red",
                                                ),
                                            ),
                                            span: 84..89,
                                        },
                                        guard: None,
                                        body: Spanned {
                                            node: Literal(
                                                String(
                                                    "warm",
                                                ),
                                            ),
                                            span: 93..99,
                                        },
                                        span: 84..99,
                                    },
                                    MatchArm {
                                        pattern: Spanned {
                                            node: Lit(
                                                String(
                                                    "green",
                                                ),
                                            ),
                                            span: 105..112,
                                        },
                                        guard: None,
                                        body: Spanned {
                                            node: Literal(
                                                String(
                                                    "natural",
                                                ),
                                            ),
                                            span: 116..125,
                                        },
                                        span: 105..125,
                                    },
                                    MatchArm {
                                        pattern: Spanned {
                                            node: Lit(
                                                String(
                                                    "blue",
                                                ),
                                            ),
                                            span: 131..137,
                                        },
                                        guard: None,
                                        body: Spanned {
                                            node: Literal(
                                                String(
                                                    "cool",
                                                ),
                                            ),
                                            span: 141..147,
                                        },
                                        span: 131..147,
                                    },
                                ],
                            },
                            span: 70..153,
                        },
                    ),
                    span: 66..155,
                },
                span: 39..155,
                intrinsic: None,
            },
        ),
    ],
}
