---
source: crates/keron-lang/tests/harness/mod.rs
---
Program {
    items: [
        Val(
            ValDecl {
                name: Spanned {
                    node: "a",
                    span: 4..5,
                },
                ty: Some(
                    Spanned {
                        node: Nullable(
                            String,
                        ),
                        span: 7..14,
                    },
                ),
                value: Spanned {
                    node: Literal(
                        Null,
                    ),
                    span: 17..21,
                },
                span: 0..23,
            },
        ),
        Val(
            ValDecl {
                name: Spanned {
                    node: "b",
                    span: 27..28,
                },
                ty: Some(
                    Spanned {
                        node: Nullable(
                            String,
                        ),
                        span: 30..37,
                    },
                ),
                value: Spanned {
                    node: Literal(
                        Null,
                    ),
                    span: 40..44,
                },
                span: 23..46,
            },
        ),
        Val(
            ValDecl {
                name: Spanned {
                    node: "c",
                    span: 50..51,
                },
                ty: Some(
                    Spanned {
                        node: Nullable(
                            String,
                        ),
                        span: 53..60,
                    },
                ),
                value: Spanned {
                    node: Literal(
                        Null,
                    ),
                    span: 63..67,
                },
                span: 46..68,
            },
        ),
    ],
}
