---
source: crates/keron-lang/tests/harness/mod.rs
---
Program {
    items: [
        Use(
            UseDecl {
                source: Spanned {
                    node: "std:fs",
                    span: 5..13,
                },
                names: [
                    Spanned {
                        node: "symlink",
                        span: 18..25,
                    },
                ],
                span: 0..25,
            },
        ),
        Fn(
            FnDecl {
                name: Spanned {
                    node: "link",
                    span: 30..34,
                },
                params: [
                    Param {
                        name: Spanned {
                            node: "name",
                            span: 35..39,
                        },
                        ty: Spanned {
                            node: String,
                            span: 41..47,
                        },
                        default: None,
                        span: 35..47,
                    },
                ],
                return_type: Spanned {
                    node: Symlink,
                    span: 50..57,
                },
                body: Block {
                    stmts: [],
                    trailing: Some(
                        Spanned {
                            node: Call {
                                callee: Spanned {
                                    node: "symlink",
                                    span: 62..69,
                                },
                                args: [
                                    CallArg {
                                        name: Some(
                                            Spanned {
                                                node: "from",
                                                span: 70..74,
                                            },
                                        ),
                                        value: Spanned {
                                            node: Interpolation(
                                                [
                                                    Text(
                                                        "~/dotfiles/",
                                                    ),
                                                    Expr(
                                                        Spanned {
                                                            node: Var(
                                                                "name",
                                                            ),
                                                            span: 91..95,
                                                        },
                                                    ),
                                                ],
                                            ),
                                            span: 77..97,
                                        },
                                        span: 70..97,
                                    },
                                    CallArg {
                                        name: Some(
                                            Spanned {
                                                node: "to",
                                                span: 99..101,
                                            },
                                        ),
                                        value: Spanned {
                                            node: Interpolation(
                                                [
                                                    Text(
                                                        "~/.",
                                                    ),
                                                    Expr(
                                                        Spanned {
                                                            node: Var(
                                                                "name",
                                                            ),
                                                            span: 110..114,
                                                        },
                                                    ),
                                                ],
                                            ),
                                            span: 104..116,
                                        },
                                        span: 99..116,
                                    },
                                ],
                            },
                            span: 62..118,
                        },
                    ),
                    span: 58..121,
                },
                span: 27..121,
                intrinsic: None,
            },
        ),
        Val(
            ValDecl {
                name: Spanned {
                    node: "zshrc",
                    span: 125..130,
                },
                ty: Some(
                    Spanned {
                        node: Symlink,
                        span: 132..139,
                    },
                ),
                value: Spanned {
                    node: Call {
                        callee: Spanned {
                            node: "link",
                            span: 142..146,
                        },
                        args: [
                            CallArg {
                                name: None,
                                value: Spanned {
                                    node: Literal(
                                        String(
                                            "zshrc",
                                        ),
                                    ),
                                    span: 147..154,
                                },
                                span: 147..154,
                            },
                        ],
                    },
                    span: 142..155,
                },
                span: 121..155,
            },
        ),
    ],
}
