---
source: crates/keron-lang/tests/harness/mod.rs
---
Program {
    items: [
        Fn(
            FnDecl {
                name: Spanned {
                    node: "link",
                    span: 4..8,
                },
                params: [
                    Param {
                        name: Spanned {
                            node: "name",
                            span: 9..13,
                        },
                        ty: Spanned {
                            node: String,
                            span: 15..21,
                        },
                        default: None,
                        span: 9..21,
                    },
                ],
                return_type: Spanned {
                    node: Named(
                        "Symlink",
                    ),
                    span: 24..31,
                },
                body: Block {
                    stmts: [],
                    trailing: Some(
                        Spanned {
                            node: Call {
                                callee: Spanned {
                                    node: "symlink",
                                    span: 36..43,
                                },
                                args: [
                                    CallArg {
                                        name: Some(
                                            Spanned {
                                                node: "source",
                                                span: 44..50,
                                            },
                                        ),
                                        value: Spanned {
                                            node: Interpolation(
                                                [
                                                    Text(
                                                        "~/.",
                                                    ),
                                                    Expr {
                                                        expr: Spanned {
                                                            node: Var(
                                                                "name",
                                                            ),
                                                            span: 59..63,
                                                        },
                                                        indent: None,
                                                    },
                                                ],
                                            ),
                                            span: 53..65,
                                        },
                                        span: 44..65,
                                    },
                                    CallArg {
                                        name: Some(
                                            Spanned {
                                                node: "target",
                                                span: 67..73,
                                            },
                                        ),
                                        value: Spanned {
                                            node: Interpolation(
                                                [
                                                    Text(
                                                        "~/dotfiles/",
                                                    ),
                                                    Expr {
                                                        expr: Spanned {
                                                            node: Var(
                                                                "name",
                                                            ),
                                                            span: 90..94,
                                                        },
                                                        indent: None,
                                                    },
                                                ],
                                            ),
                                            span: 76..96,
                                        },
                                        span: 67..96,
                                    },
                                ],
                            },
                            span: 36..98,
                        },
                    ),
                    span: 32..101,
                },
                span: 1..101,
                intrinsic: None,
            },
        ),
        Val(
            ValDecl {
                name: Spanned {
                    node: "zshrc",
                    span: 105..110,
                },
                ty: Some(
                    Spanned {
                        node: Named(
                            "Symlink",
                        ),
                        span: 112..119,
                    },
                ),
                value: Spanned {
                    node: Call {
                        callee: Spanned {
                            node: "link",
                            span: 122..126,
                        },
                        args: [
                            CallArg {
                                name: None,
                                value: Spanned {
                                    node: Literal(
                                        String(
                                            "zshrc",
                                        ),
                                    ),
                                    span: 127..134,
                                },
                                span: 127..134,
                            },
                        ],
                    },
                    span: 122..136,
                },
                span: 101..136,
            },
        ),
    ],
}
