---
source: crates/keron-lang/tests/harness/mod.rs
---
Program {
    items: [
        Struct(
            StructDecl {
                name: Spanned {
                    node: "Host",
                    span: 7..11,
                },
                fields: [
                    StructField {
                        name: Spanned {
                            node: "name",
                            span: 14..18,
                        },
                        ty: Spanned {
                            node: String,
                            span: 20..26,
                        },
                        default: None,
                        span: 14..26,
                    },
                    StructField {
                        name: Spanned {
                            node: "port",
                            span: 28..32,
                        },
                        ty: Spanned {
                            node: Int,
                            span: 34..37,
                        },
                        default: None,
                        span: 28..37,
                    },
                    StructField {
                        name: Spanned {
                            node: "tls",
                            span: 39..42,
                        },
                        ty: Spanned {
                            node: Boolean,
                            span: 44..51,
                        },
                        default: None,
                        span: 39..52,
                    },
                ],
                span: 0..54,
            },
        ),
    ],
}
