---
source: crates/keron-lang/tests/harness/mod.rs
---
Program {
    items: [
        Val(
            ValDecl {
                name: Spanned {
                    node: "n",
                    span: 4..5,
                },
                ty: Some(
                    Spanned {
                        node: Int,
                        span: 7..10,
                    },
                ),
                value: Spanned {
                    node: Literal(
                        Int(
                            -7,
                        ),
                    ),
                    span: 13..16,
                },
                span: 0..16,
            },
        ),
    ],
}
